Component: ARM Compiler 5.06 update 7 (build 960) Tool: armlink [4d3601]

==============================================================================

Section Cross References

    startup_stm32f407xx.o(RESET) refers to startup_stm32f407xx.o(STACK) for __initial_sp
    startup_stm32f407xx.o(RESET) refers to startup_stm32f407xx.o(.text) for Reset_Handler
    startup_stm32f407xx.o(RESET) refers to stm32f4xx_it.o(i.NMI_Handler) for NMI_Handler
    startup_stm32f407xx.o(RESET) refers to stm32f4xx_it.o(i.HardFault_Handler) for HardFault_Handler
    startup_stm32f407xx.o(RESET) refers to stm32f4xx_it.o(i.MemManage_Handler) for MemManage_Handler
    startup_stm32f407xx.o(RESET) refers to stm32f4xx_it.o(i.BusFault_Handler) for BusFault_Handler
    startup_stm32f407xx.o(RESET) refers to stm32f4xx_it.o(i.UsageFault_Handler) for UsageFault_Handler
    startup_stm32f407xx.o(RESET) refers to port.o(.emb_text) for SVC_Handler
    startup_stm32f407xx.o(RESET) refers to stm32f4xx_it.o(i.DebugMon_Handler) for DebugMon_Handler
    startup_stm32f407xx.o(RESET) refers to cmsis_os2.o(i.SysTick_Handler) for SysTick_Handler
    startup_stm32f407xx.o(RESET) refers to stm32f4xx_it.o(i.EXTI4_IRQHandler) for EXTI4_IRQHandler
    startup_stm32f407xx.o(RESET) refers to stm32f4xx_it.o(i.DMA1_Stream0_IRQHandler) for DMA1_Stream0_IRQHandler
    startup_stm32f407xx.o(RESET) refers to stm32f4xx_it.o(i.DMA1_Stream2_IRQHandler) for DMA1_Stream2_IRQHandler
    startup_stm32f407xx.o(RESET) refers to stm32f4xx_it.o(i.DMA1_Stream6_IRQHandler) for DMA1_Stream6_IRQHandler
    startup_stm32f407xx.o(RESET) refers to stm32f4xx_it.o(i.ADC_IRQHandler) for ADC_IRQHandler
    startup_stm32f407xx.o(RESET) refers to stm32f4xx_it.o(i.EXTI9_5_IRQHandler) for EXTI9_5_IRQHandler
    startup_stm32f407xx.o(RESET) refers to stm32f4xx_it.o(i.I2C1_EV_IRQHandler) for I2C1_EV_IRQHandler
    startup_stm32f407xx.o(RESET) refers to stm32f4xx_it.o(i.I2C1_ER_IRQHandler) for I2C1_ER_IRQHandler
    startup_stm32f407xx.o(RESET) refers to stm32f4xx_it.o(i.USART1_IRQHandler) for USART1_IRQHandler
    startup_stm32f407xx.o(RESET) refers to stm32f4xx_it.o(i.USART3_IRQHandler) for USART3_IRQHandler
    startup_stm32f407xx.o(RESET) refers to stm32f4xx_it.o(i.TIM8_TRG_COM_TIM14_IRQHandler) for TIM8_TRG_COM_TIM14_IRQHandler
    startup_stm32f407xx.o(RESET) refers to stm32f4xx_it.o(i.UART4_IRQHandler) for UART4_IRQHandler
    startup_stm32f407xx.o(RESET) refers to stm32f4xx_it.o(i.DMA2_Stream0_IRQHandler) for DMA2_Stream0_IRQHandler
    startup_stm32f407xx.o(.text) refers to system_stm32f4xx.o(i.SystemInit) for SystemInit
    startup_stm32f407xx.o(.text) refers to entry.o(.ARM.Collect$$$$00000000) for __main
    encoder.o(i.encoder_init_start) refers to stm32f4xx_hal_tim.o(i.HAL_TIM_Encoder_Start) for HAL_TIM_Encoder_Start
    encoder.o(i.encoder_init_start) refers to tim.o(.bss) for htim3
    encoder.o(i.encoder_read_speed) refers to tim.o(.bss) for htim3
    encoder.o(i.encoder_read_speed) refers to encoder.o(.data) for encoder_last
    encoder.o(i.encoder_read_speed_10) refers to tim.o(.bss) for htim3
    encoder.o(i.encoder_read_speed_10) refers to encoder.o(.data) for encoder_last
    pid.o(i.PID_Init) refers to pid.o(.bss) for pid_fl
    pid.o(i.PID_Task) refers to cmsis_os2.o(i.osMutexAcquire) for osMutexAcquire
    pid.o(i.PID_Task) refers to encoder.o(i.encoder_read_speed) for encoder_read_speed
    pid.o(i.PID_Task) refers to pid.o(i.speed_pid) for speed_pid
    pid.o(i.PID_Task) refers to pwm.o(i.motor_set_speed) for motor_set_speed
    pid.o(i.PID_Task) refers to cmsis_os2.o(i.osMutexRelease) for osMutexRelease
    pid.o(i.PID_Task) refers to freertos.o(.data) for speed_mutexHandle
    pid.o(i.PID_Task) refers to pid.o(.data) for current_speed_fl
    pid.o(i.PID_Task) refers to pid.o(.bss) for pid_fl
    pwm.o(i.motor_set_speed) refers to stm32f4xx_hal_gpio.o(i.HAL_GPIO_WritePin) for HAL_GPIO_WritePin
    pwm.o(i.motor_set_speed) refers to pwm.o(i.my_abs) for my_abs
    pwm.o(i.motor_set_speed) refers to tim.o(.bss) for htim1
    pwm.o(i.pwm_init_start) refers to stm32f4xx_hal_tim.o(i.HAL_TIM_PWM_Start) for HAL_TIM_PWM_Start
    pwm.o(i.pwm_init_start) refers to tim.o(.bss) for htim1
    uart3_to_htp.o(i.crc8_calc) refers to uart3_to_htp.o(.constdata) for crc8_table
    uart3_to_htp.o(i.uart3_send_to_htp) refers to memseta.o(.text) for __aeabi_memclr4
    uart3_to_htp.o(i.uart3_send_to_htp) refers to uart3_to_htp.o(i.crc8_calc) for crc8_calc
    uart3_to_htp.o(i.uart3_send_to_htp) refers to stm32f4xx_hal_uart.o(i.HAL_UART_Transmit) for HAL_UART_Transmit
    uart3_to_htp.o(i.uart3_send_to_htp) refers to usart.o(.bss) for huart3
    inv_mpu_dmp_motion_driver.o(i.decode_gesture) refers to inv_mpu_dmp_motion_driver.o(.bss) for dmp
    inv_mpu_dmp_motion_driver.o(i.dmp_enable_6x_lp_quat) refers to memseta.o(.text) for __aeabi_memset
[...]
    SPI2_IRQHandler                          0x0800027b   Thumb Code     0  startup_stm32f407xx.o(.text)
    SPI3_IRQHandler                          0x0800027b   Thumb Code     0  startup_stm32f407xx.o(.text)
    TAMP_STAMP_IRQHandler                    0x0800027b   Thumb Code     0  startup_stm32f407xx.o(.text)
    TIM1_BRK_TIM9_IRQHandler                 0x0800027b   Thumb Code     0  startup_stm32f407xx.o(.text)
    TIM1_CC_IRQHandler                       0x0800027b   Thumb Code     0  startup_stm32f407xx.o(.text)
    TIM1_TRG_COM_TIM11_IRQHandler            0x0800027b   Thumb Code     0  startup_stm32f407xx.o(.text)
    TIM1_UP_TIM10_IRQHandler                 0x0800027b   Thumb Code     0  startup_stm32f407xx.o(.text)
    TIM2_IRQHandler                          0x0800027b   Thumb Code     0  startup_stm32f407xx.o(.text)
    TIM3_IRQHandler                          0x0800027b   Thumb Code     0  startup_stm32f407xx.o(.text)
    TIM4_IRQHandler                          0x0800027b   Thumb Code     0  startup_stm32f407xx.o(.text)
    TIM5_IRQHandler                          0x0800027b   Thumb Code     0  startup_stm32f407xx.o(.text)
    TIM6_DAC_IRQHandler                      0x0800027b   Thumb Code     0  startup_stm32f407xx.o(.text)
    TIM7_IRQHandler                          0x0800027b   Thumb Code     0  startup_stm32f407xx.o(.text)
    TIM8_BRK_TIM12_IRQHandler                0x0800027b   Thumb Code     0  startup_stm32f407xx.o(.text)
    TIM8_CC_IRQHandler                       0x0800027b   Thumb Code     0  startup_stm32f407xx.o(.text)
    TIM8_UP_TIM13_IRQHandler                 0x0800027b   Thumb Code     0  startup_stm32f407xx.o(.text)
    UART5_IRQHandler                         0x0800027b   Thumb Code     0  startup_stm32f407xx.o(.text)
    USART2_IRQHandler                        0x0800027b   Thumb Code     0  startup_stm32f407xx.o(.text)
    USART6_IRQHandler                        0x0800027b   Thumb Code     0  startup_stm32f407xx.o(.text)
    WWDG_IRQHandler                          0x0800027b   Thumb Code     0  startup_stm32f407xx.o(.text)
    __aeabi_uldivmod                         0x08000285   Thumb Code    98  uldiv.o(.text)
    __aeabi_memcpy                           0x080002e7   Thumb Code    36  memcpya.o(.text)
    __aeabi_memcpy4                          0x080002e7   Thumb Code     0  memcpya.o(.text)
    __aeabi_memcpy8                          0x080002e7   Thumb Code     0  memcpya.o(.text)
    __aeabi_memset                           0x0800030b   Thumb Code    14  memseta.o(.text)
    __aeabi_memset4                          0x0800030b   Thumb Code     0  memseta.o(.text)
    __aeabi_memset8                          0x0800030b   Thumb Code     0  memseta.o(.text)
    __aeabi_memclr                           0x08000319   Thumb Code     4  memseta.o(.text)
    __aeabi_memclr4                          0x08000319   Thumb Code     0  memseta.o(.text)
    __aeabi_memclr8                          0x08000319   Thumb Code     0  memseta.o(.text)
    memset                                   0x0800031d   Thumb Code    18  memseta.o(.text)
    __aeabi_f2d                              0x0800032f   Thumb Code    38  f2d.o(.text)
    __aeabi_cdrcmple                         0x08000355   Thumb Code    48  cdrcmple.o(.text)
    __aeabi_uidiv                            0x08000385   Thumb Code     0  uidiv.o(.text)
    __aeabi_uidivmod                         0x08000385   Thumb Code    44  uidiv.o(.text)
    __aeabi_llsl                             0x080003b1   Thumb Code    30  llshl.o(.text)
    _ll_shift_l                              0x080003b1   Thumb Code     0  llshl.o(.text)
    __aeabi_llsr                             0x080003cf   Thumb Code    32  llushr.o(.text)
    _ll_ushift_r                             0x080003cf   Thumb Code     0  llushr.o(.text)
    __I$use$fp                               0x080003ef   Thumb Code     0  iusefp.o(.text)
    __aeabi_dadd                             0x080003ef   Thumb Code   322  dadd.o(.text)
    __aeabi_dsub                             0x08000531   Thumb Code     6  dadd.o(.text)
    __aeabi_drsub                            0x08000537   Thumb Code     6  dadd.o(.text)
    __aeabi_dmul                             0x0800053d   Thumb Code   228  dmul.o(.text)
    __aeabi_ddiv                             0x08000621   Thumb Code   222  ddiv.o(.text)
    __aeabi_d2ulz                            0x080006ff   Thumb Code    48  dfixul.o(.text)
    __scatterload                            0x08000731   Thumb Code    28  init.o(.text)
    __scatterload_rt2                        0x08000731   Thumb Code     0  init.o(.text)
    __aeabi_lasr                             0x08000755   Thumb Code    36  llsshr.o(.text)
    _ll_sshift_r                             0x08000755   Thumb Code     0  llsshr.o(.text)
    _double_round                            0x08000779   Thumb Code    30  depilogue.o(.text)
    _double_epilogue                         0x08000797   Thumb Code   156  depilogue.o(.text)
    __decompress                             0x08000833   Thumb Code     0  __dczerorl2.o(.text)
    __decompress1                            0x08000833   Thumb Code    86  __dczerorl2.o(.text)
    ADC_IRQHandler                           0x08000889   Thumb Code    10  stm32f4xx_it.o(i.ADC_IRQHandler)
    AX_PS2_Init                              0x080009f9   Thumb Code   202  ax_ps2.o(i.AX_PS2_Init)
    AX_PS2_ScanKey                           0x08000ad1   Thumb Code   106  ax_ps2.o(i.AX_PS2_ScanKey)
    BusFault_Handler                         0x08000b49   Thumb Code     4  stm32f4xx_it.o(i.BusFault_Handler)
    DMA1_Stream0_IRQHandler                  0x08000b4d   Thumb Code    10  stm32f4xx_it.o(i.DMA1_Stream0_IRQHandler)
    DMA1_Stream2_IRQHandler                  0x08000b5d   Thumb Code    10  stm32f4xx_it.o(i.DMA1_Stream2_IRQHandler)
    DMA1_Stream6_IRQHandler                  0x08000b6d   Thumb Code    10  stm32f4xx_it.o(i.DMA1_Stream6_IRQHandler)
    DMA2_Stream0_IRQHandler                  0x08000b7d   Thumb Code    10  stm32f4xx_it.o(i.DMA2_Stream0_IRQHandler)
    DebugMon_Handler                         0x08000c97   Thumb Code     2  stm32f4xx_it.o(i.DebugMon_Handler)
    Delay_us                                 0x08000c99   Thumb Code    32  delay.o(i.Delay_us)
    EXTI4_IRQHandler                         0x08000cb9   Thumb Code    10  stm32f4xx_it.o(i.EXTI4_IRQHandler)
    EXTI9_5_IRQHandler                       0x08000cc3   Thumb Code    22  stm32f4xx_it.o(i.EXTI9_5_IRQHandler)
    Error_Handler                            0x08000cd9   Thumb Code     6  main.o(i.Error_Handler)
    HAL_ADCEx_InjectedConvCpltCallback       0x08000cdf   Thumb Code     2  stm32f4xx_hal_adc_ex.o(i.HAL_ADCEx_InjectedConvCpltCallback)
    HAL_ADC_ConfigChannel                    0x08000ce1   Thumb Code   380  stm32f4xx_hal_adc.o(i.HAL_ADC_ConfigChannel)
    HAL_ADC_ConvCpltCallback                 0x08000e6d   Thumb Code     2  stm32f4xx_hal_adc.o(i.HAL_ADC_ConvCpltCallback)
    HAL_ADC_ErrorCallback                    0x08000e6f   Thumb Code     2  stm32f4xx_hal_adc.o(i.HAL_ADC_ErrorCallback)
    HAL_ADC_IRQHandler                       0x08000e71   Thumb Code   354  stm32f4xx_hal_adc.o(i.HAL_ADC_IRQHandler)
    HAL_ADC_Init                             0x08000fd5   Thumb Code   100  stm32f4xx_hal_adc.o(i.HAL_ADC_Init)
    HAL_ADC_LevelOutOfWindowCallback         0x0800103d   Thumb Code     2  stm32f4xx_hal_adc.o(i.HAL_ADC_LevelOutOfWindowCallback)
    HAL_ADC_MspInit                          0x08001041   Thumb Code   192  adc.o(i.HAL_ADC_MspInit)
    HAL_CAN_Init                             0x08001115   Thumb Code   372  stm32f4xx_hal_can.o(i.HAL_CAN_Init)
    HAL_CAN_MspInit                          0x08001289   Thumb Code   154  can.o(i.HAL_CAN_MspInit)
    HAL_DMA_Abort                            0x08001331   Thumb Code   172  stm32f4xx_hal_dma.o(i.HAL_DMA_Abort)
    HAL_DMA_Abort_IT                         0x080013dd   Thumb Code    40  stm32f4xx_hal_dma.o(i.HAL_DMA_Abort_IT)
    HAL_DMA_GetError                         0x08001405   Thumb Code     6  stm32f4xx_hal_dma.o(i.HAL_DMA_GetError)
    HAL_DMA_GetState                         0x0800140b   Thumb Code     8  stm32f4xx_hal_dma.o(i.HAL_DMA_GetState)
    HAL_DMA_IRQHandler                       0x08001415   Thumb Code   570  stm32f4xx_hal_dma.o(i.HAL_DMA_IRQHandler)
    HAL_DMA_Init                             0x08001655   Thumb Code   232  stm32f4xx_hal_dma.o(i.HAL_DMA_Init)
    HAL_DMA_Start_IT                         0x08001741   Thumb Code   146  stm32f4xx_hal_dma.o(i.HAL_DMA_Start_IT)
    HAL_GPIO_EXTI_Callback                   0x080017d5   Thumb Code    30  main.o(i.HAL_GPIO_EXTI_Callback)
    HAL_GPIO_EXTI_IRQHandler                 0x080017f9   Thumb Code    24  stm32f4xx_hal_gpio.o(i.HAL_GPIO_EXTI_IRQHandler)
    HAL_GPIO_Init                            0x08001815   Thumb Code   454  stm32f4xx_hal_gpio.o(i.HAL_GPIO_Init)
    HAL_GPIO_ReadPin                         0x08001a09   Thumb Code    16  stm32f4xx_hal_gpio.o(i.HAL_GPIO_ReadPin)
    HAL_GPIO_WritePin                        0x08001a19   Thumb Code    12  stm32f4xx_hal_gpio.o(i.HAL_GPIO_WritePin)
    HAL_GetTick                              0x08001a25   Thumb Code     6  stm32f4xx_hal.o(i.HAL_GetTick)
    HAL_I2C_AbortCpltCallback                0x08001a31   Thumb Code     2  stm32f4xx_hal_i2c.o(i.HAL_I2C_AbortCpltCallback)
    HAL_I2C_AddrCallback                     0x08001a33   Thumb Code     2  stm32f4xx_hal_i2c.o(i.HAL_I2C_AddrCallback)
    HAL_I2C_ER_IRQHandler                    0x08001a35   Thumb Code   212  stm32f4xx_hal_i2c.o(i.HAL_I2C_ER_IRQHandler)
    HAL_I2C_EV_IRQHandler                    0x08001b09   Thumb Code   474  stm32f4xx_hal_i2c.o(i.HAL_I2C_EV_IRQHandler)
    HAL_I2C_ErrorCallback                    0x08001ce3   Thumb Code     2  stm32f4xx_hal_i2c.o(i.HAL_I2C_ErrorCallback)
    HAL_I2C_Init                             0x08001ce5   Thumb Code   446  stm32f4xx_hal_i2c.o(i.HAL_I2C_Init)
    HAL_I2C_ListenCpltCallback               0x08001eb5   Thumb Code     2  stm32f4xx_hal_i2c.o(i.HAL_I2C_ListenCpltCallback)
    HAL_I2C_MasterRxCpltCallback             0x08001eb7   Thumb Code     2  stm32f4xx_hal_i2c.o(i.HAL_I2C_MasterRxCpltCallback)
    HAL_I2C_MasterTxCpltCallback             0x08001eb9   Thumb Code     2  stm32f4xx_hal_i2c.o(i.HAL_I2C_MasterTxCpltCallback)
    HAL_I2C_Master_Transmit                  0x08001ebd   Thumb Code   360  stm32f4xx_hal_i2c.o(i.HAL_I2C_Master_Transmit)
    HAL_I2C_MemRxCpltCallback                0x0800202d   Thumb Code    16  mpu6050.o(i.HAL_I2C_MemRxCpltCallback)
    HAL_I2C_MemTxCpltCallback                0x08002045   Thumb Code     2  stm32f4xx_hal_i2c.o(i.HAL_I2C_MemTxCpltCallback)
    HAL_I2C_Mem_Read_DMA                     0x08002049   Thumb Code   594  stm32f4xx_hal_i2c.o(i.HAL_I2C_Mem_Read_DMA)
    HAL_I2C_Mem_Write                        0x080022ad   Thumb Code   348  stm32f4xx_hal_i2c.o(i.HAL_I2C_Mem_Write)
    HAL_I2C_MspInit                          0x08002411   Thumb Code   396  i2c.o(i.HAL_I2C_MspInit)
    HAL_I2C_SlaveRxCpltCallback              0x080025b9   Thumb Code     2  stm32f4xx_hal_i2c.o(i.HAL_I2C_SlaveRxCpltCallback)
    HAL_I2C_SlaveTxCpltCallback              0x080025bb   Thumb Code     2  stm32f4xx_hal_i2c.o(i.HAL_I2C_SlaveTxCpltCallback)
    HAL_IncTick                              0x080025bd   Thumb Code    16  stm32f4xx_hal.o(i.HAL_IncTick)
    HAL_Init                                 0x080025d5   Thumb Code    54  stm32f4xx_hal.o(i.HAL_Init)
    HAL_InitTick                             0x08002611   Thumb Code   160  stm32f4xx_hal_timebase_tim.o(i.HAL_InitTick)
    HAL_MspInit                              0x080026c5   Thumb Code    78  stm32f4xx_hal_msp.o(i.HAL_MspInit)
    HAL_NVIC_EnableIRQ                       0x08002719   Thumb Code    40  stm32f4xx_hal_cortex.o(i.HAL_NVIC_EnableIRQ)
    HAL_NVIC_SetPriority                     0x08002741   Thumb Code   124  stm32f4xx_hal_cortex.o(i.HAL_NVIC_SetPriority)
    HAL_NVIC_SetPriorityGrouping             0x080027bd   Thumb Code    32  stm32f4xx_hal_cortex.o(i.HAL_NVIC_SetPriorityGrouping)
    HAL_RCC_ClockConfig                      0x080027e5   Thumb Code   368  stm32f4xx_hal_rcc.o(i.HAL_RCC_ClockConfig)
    HAL_RCC_GetClockConfig                   0x08002969   Thumb Code    58  stm32f4xx_hal_rcc.o(i.HAL_RCC_GetClockConfig)
    HAL_RCC_GetHCLKFreq                      0x080029ad   Thumb Code     6  stm32f4xx_hal_rcc.o(i.HAL_RCC_GetHCLKFreq)
    HAL_RCC_GetPCLK1Freq                     0x080029b9   Thumb Code    22  stm32f4xx_hal_rcc.o(i.HAL_RCC_GetPCLK1Freq)
    HAL_RCC_GetPCLK2Freq                     0x080029d9   Thumb Code    22  stm32f4xx_hal_rcc.o(i.HAL_RCC_GetPCLK2Freq)
    HAL_RCC_GetSysClockFreq                  0x080029f9   Thumb Code   162  stm32f4xx_hal_rcc.o(i.HAL_RCC_GetSysClockFreq)
    HAL_RCC_OscConfig                        0x08002aa9   Thumb Code  1172  stm32f4xx_hal_rcc.o(i.HAL_RCC_OscConfig)
    HAL_TIMEx_BreakCallback                  0x08002f45   Thumb Code     2  stm32f4xx_hal_tim_ex.o(i.HAL_TIMEx_BreakCallback)
    HAL_TIMEx_CommutCallback                 0x08002f47   Thumb Code     2  stm32f4xx_hal_tim_ex.o(i.HAL_TIMEx_CommutCallback)
    HAL_TIMEx_ConfigBreakDeadTime            0x08002f49   Thumb Code   116  stm32f4xx_hal_tim_ex.o(i.HAL_TIMEx_ConfigBreakDeadTime)
    HAL_TIMEx_MasterConfigSynchronization    0x08002fbd   Thumb Code   150  stm32f4xx_hal_tim_ex.o(i.HAL_TIMEx_MasterConfigSynchronization)
    HAL_TIM_Base_Init                        0x08003071   Thumb Code   102  stm32f4xx_hal_tim.o(i.HAL_TIM_Base_Init)
    HAL_TIM_Base_MspInit                     0x080030d9   Thumb Code    84  tim.o(i.HAL_TIM_Base_MspInit)
    HAL_TIM_Base_Start_IT                    0x08003139   Thumb Code   138  stm32f4xx_hal_tim.o(i.HAL_TIM_Base_Start_IT)
    HAL_TIM_ConfigClockSource                0x080031e1   Thumb Code   268  stm32f4xx_hal_tim.o(i.HAL_TIM_ConfigClockSource)
    HAL_TIM_Encoder_Init                     0x080032ed   Thumb Code   200  stm32f4xx_hal_tim.o(i.HAL_TIM_Encoder_Init)
    HAL_TIM_Encoder_MspInit                  0x080033b5   Thumb Code   454  tim.o(i.HAL_TIM_Encoder_MspInit)
    HAL_TIM_Encoder_Start                    0x0800359d   Thumb Code   204  stm32f4xx_hal_tim.o(i.HAL_TIM_Encoder_Start)
    HAL_TIM_IC_CaptureCallback               0x08003669   Thumb Code     2  stm32f4xx_hal_tim.o(i.HAL_TIM_IC_CaptureCallback)
    HAL_TIM_IRQHandler                       0x0800366b   Thumb Code   364  stm32f4xx_hal_tim.o(i.HAL_TIM_IRQHandler)
    HAL_TIM_MspPostInit                      0x080037d9   Thumb Code   154  tim.o(i.HAL_TIM_MspPostInit)
    HAL_TIM_OC_DelayElapsedCallback          0x08003889   Thumb Code     2  stm32f4xx_hal_tim.o(i.HAL_TIM_OC_DelayElapsedCallback)
    HAL_TIM_PWM_ConfigChannel                0x0800388b   Thumb Code   260  stm32f4xx_hal_tim.o(i.HAL_TIM_PWM_ConfigChannel)
    HAL_TIM_PWM_Init                         0x0800398f   Thumb Code   102  stm32f4xx_hal_tim.o(i.HAL_TIM_PWM_Init)
    HAL_TIM_PWM_MspInit                      0x080039f5   Thumb Code     2  stm32f4xx_hal_tim.o(i.HAL_TIM_PWM_MspInit)
    HAL_TIM_PWM_PulseFinishedCallback        0x080039f7   Thumb Code     2  stm32f4xx_hal_tim.o(i.HAL_TIM_PWM_PulseFinishedCallback)
    HAL_TIM_PWM_Start                        0x080039f9   Thumb Code   238  stm32f4xx_hal_tim.o(i.HAL_TIM_PWM_Start)
    HAL_TIM_PeriodElapsedCallback            0x08003b05   Thumb Code    18  main.o(i.HAL_TIM_PeriodElapsedCallback)
    HAL_TIM_TriggerCallback                  0x08003b1d   Thumb Code     2  stm32f4xx_hal_tim.o(i.HAL_TIM_TriggerCallback)
    HAL_UARTEx_ReceiveToIdle_DMA             0x08003b1f   Thumb Code   112  stm32f4xx_hal_uart.o(i.HAL_UARTEx_ReceiveToIdle_DMA)
    HAL_UARTEx_RxEventCallback               0x08003b91   Thumb Code    38  main.o(i.HAL_UARTEx_RxEventCallback)
    HAL_UART_ErrorCallback                   0x08003bc5   Thumb Code     2  stm32f4xx_hal_uart.o(i.HAL_UART_ErrorCallback)
    HAL_UART_IRQHandler                      0x08003bc9   Thumb Code   772  stm32f4xx_hal_uart.o(i.HAL_UART_IRQHandler)
    HAL_UART_Init                            0x08003ed1   Thumb Code   118  stm32f4xx_hal_uart.o(i.HAL_UART_Init)
    HAL_UART_MspInit                         0x08003f49   Thumb Code   448  usart.o(i.HAL_UART_MspInit)
    HAL_UART_RxCpltCallback                  0x0800412d   Thumb Code     2  stm32f4xx_hal_uart.o(i.HAL_UART_RxCpltCallback)
    HAL_UART_RxHalfCpltCallback              0x0800412f   Thumb Code     2  stm32f4xx_hal_uart.o(i.HAL_UART_RxHalfCpltCallback)
    HAL_UART_Transmit                        0x08004131   Thumb Code   190  stm32f4xx_hal_uart.o(i.HAL_UART_Transmit)
    HAL_UART_TxCpltCallback                  0x080041ef   Thumb Code     2  stm32f4xx_hal_uart.o(i.HAL_UART_TxCpltCallback)
    HardFault_Handler                        0x080041f1   Thumb Code     4  stm32f4xx_it.o(i.HardFault_Handler)
    I2C1_ER_IRQHandler                       0x080041f5   Thumb Code    10  stm32f4xx_it.o(i.I2C1_ER_IRQHandler)
    I2C1_EV_IRQHandler                       0x08004205   Thumb Code    10  stm32f4xx_it.o(i.I2C1_EV_IRQHandler)
    MPU6050_Calibrate_Offset                 0x08005795   Thumb Code   212  mpu6050.o(i.MPU6050_Calibrate_Offset)
    MPU6050_GetAngle                         0x080058dd   Thumb Code   478  mpu6050.o(i.MPU6050_GetAngle)
    MPU6050_GetData                          0x08005b21   Thumb Code   116  mpu6050.o(i.MPU6050_GetData)
    MPU6050_Init                             0x08005b99   Thumb Code    44  mpu6050.o(i.MPU6050_Init)
    MPU6050_ReadData_DMA                     0x08005bc5   Thumb Code    40  mpu6050.o(i.MPU6050_ReadData_DMA)
    MPU6050_WriteReg                         0x08005bf9   Thumb Code    34  mpu6050.o(i.MPU6050_WriteReg)
    MX_ADC1_Init                             0x08005c21   Thumb Code   100  adc.o(i.MX_ADC1_Init)
    MX_CAN2_Init                             0x08005c91   Thumb Code    48  can.o(i.MX_CAN2_Init)
    MX_DMA_Init                              0x08005cc9   Thumb Code   130  dma.o(i.MX_DMA_Init)
    MX_FREERTOS_Init                         0x08005d51   Thumb Code   178  freertos.o(i.MX_FREERTOS_Init)
    MX_GPIO_Init                             0x08005e91   Thumb Code   462  gpio.o(i.MX_GPIO_Init)
    MX_I2C1_Init                             0x08006079   Thumb Code    48  i2c.o(i.MX_I2C1_Init)
    MX_I2C2_Init                             0x080060b5   Thumb Code    48  i2c.o(i.MX_I2C2_Init)
    MX_TIM1_Init                             0x080060f1   Thumb Code   254  tim.o(i.MX_TIM1_Init)
    MX_TIM3_Init                             0x080061f9   Thumb Code   120  tim.o(i.MX_TIM3_Init)
    MX_TIM4_Init                             0x08006279   Thumb Code   120  tim.o(i.MX_TIM4_Init)
    MX_TIM5_Init                             0x080062f9   Thumb Code   118  tim.o(i.MX_TIM5_Init)
    MX_TIM8_Init                             0x08006379   Thumb Code   118  tim.o(i.MX_TIM8_Init)
    MX_TIM9_Init                             0x080063f9   Thumb Code   150  tim.o(i.MX_TIM9_Init)
    MX_UART4_Init                            0x08006499   Thumb Code    46  usart.o(i.MX_UART4_Init)
    MX_USART1_UART_Init                      0x080064d1   Thumb Code    46  usart.o(i.MX_USART1_UART_Init)
    MX_USART3_UART_Init                      0x08006509   Thumb Code    46  usart.o(i.MX_USART3_UART_Init)
    MemManage_Handler                        0x08006541   Thumb Code     4  stm32f4xx_it.o(i.MemManage_Handler)
    NMI_Handler                              0x08006545   Thumb Code     4  stm32f4xx_it.o(i.NMI_Handler)
    OLED_Clear                               0x08006549   Thumb Code    36  oled.o(i.OLED_Clear)
    OLED_ClearPoint                          0x08006571   Thumb Code    90  oled.o(i.OLED_ClearPoint)
    OLED_DrawPoint                           0x080065d1   Thumb Code    54  oled.o(i.OLED_DrawPoint)
    OLED_Init                                0x08006665   Thumb Code   176  oled.o(i.OLED_Init)
    OLED_Refresh                             0x08006715   Thumb Code    74  oled.o(i.OLED_Refresh)
    OLED_ShowChar                            0x08006765   Thumb Code   240  oled.o(i.OLED_ShowChar)
    OLED_ShowString                          0x08006861   Thumb Code    66  oled.o(i.OLED_ShowString)
    PID_Init                                 0x080068a5   Thumb Code   138  pid.o(i.PID_Init)
    PID_Task                                 0x08006949   Thumb Code   168  pid.o(i.PID_Task)
    StartActuatorTask                        0x08006a91   Thumb Code    10  freertos.o(i.StartActuatorTask)
    StartBtTask                              0x08006a9d   Thumb Code    20  freertos.o(i.StartBtTask)
    StartDefaultTask                         0x08006ab9   Thumb Code    10  freertos.o(i.StartDefaultTask)
    StartExSensorTask                        0x08006ac3   Thumb Code    10  freertos.o(i.StartExSensorTask)
    StartHTPComuTask                         0x08006acd   Thumb Code   258  freertos.o(i.StartHTPComuTask)
    StartIMUTask                             0x08006be5   Thumb Code   404  freertos.o(i.StartIMUTask)
    StartLEDFlashingTask                     0x08006dcd   Thumb Code    40  freertos.o(i.StartLEDFlashingTask)
    StartMotorTask                           0x08006df9   Thumb Code    24  freertos.o(i.StartMotorTask)
    StartOLEDTask                            0x08006e11   Thumb Code   374  freertos.o(i.StartOLEDTask)
    StartPS2Task                             0x08007021   Thumb Code   198  freertos.o(i.StartPS2Task)
    SysTick_Handler                          0x080070fd   Thumb Code    22  cmsis_os2.o(i.SysTick_Handler)
    SystemClock_Config                       0x08007115   Thumb Code   170  main.o(i.SystemClock_Config)
    SystemInit                               0x080071c9   Thumb Code    14  system_stm32f4xx.o(i.SystemInit)
    TIM8_TRG_COM_TIM14_IRQHandler            0x080071dd   Thumb Code    16  stm32f4xx_it.o(i.TIM8_TRG_COM_TIM14_IRQHandler)
    TIM_Base_SetConfig                       0x080071f5   Thumb Code   178  stm32f4xx_hal_tim.o(i.TIM_Base_SetConfig)
    TIM_CCxChannelCmd                        0x080072d5   Thumb Code    34  stm32f4xx_hal_tim.o(i.TIM_CCxChannelCmd)
    TIM_ETR_SetConfig                        0x080072f7   Thumb Code    22  stm32f4xx_hal_tim.o(i.TIM_ETR_SetConfig)
    TIM_OC2_SetConfig                        0x08007391   Thumb Code   114  stm32f4xx_hal_tim.o(i.TIM_OC2_SetConfig)
    UART4_IRQHandler                         0x08007529   Thumb Code    10  stm32f4xx_it.o(i.UART4_IRQHandler)
    UART_Start_Receive_DMA                   0x08007a4d   Thumb Code   202  stm32f4xx_hal_uart.o(i.UART_Start_Receive_DMA)
    USART1_IRQHandler                        0x08007c11   Thumb Code    10  stm32f4xx_it.o(i.USART1_IRQHandler)
    USART3_IRQHandler                        0x08007c21   Thumb Code    10  stm32f4xx_it.o(i.USART3_IRQHandler)
    UsageFault_Handler                       0x08007c31   Thumb Code     4  stm32f4xx_it.o(i.UsageFault_Handler)
    __0printf                                0x08007c35   Thumb Code    22  printfa.o(i.__0printf)
    __1printf                                0x08007c35   Thumb Code     0  printfa.o(i.__0printf)
    __2printf                                0x08007c35   Thumb Code     0  printfa.o(i.__0printf)
    __c89printf                              0x08007c35   Thumb Code     0  printfa.o(i.__0printf)
    printf                                   0x08007c35   Thumb Code     0  printfa.o(i.__0printf)
    __0sprintf                               0x08007c55   Thumb Code    34  printfa.o(i.__0sprintf)
    __1sprintf                               0x08007c55   Thumb Code     0  printfa.o(i.__0sprintf)
    __2sprintf                               0x08007c55   Thumb Code     0  printfa.o(i.__0sprintf)
    __c89sprintf                             0x08007c55   Thumb Code     0  printfa.o(i.__0sprintf)
    sprintf                                  0x08007c55   Thumb Code     0  printfa.o(i.__0sprintf)
    __ARM_fpclassifyf                        0x08007c7d   Thumb Code    38  fpclassifyf.o(i.__ARM_fpclassifyf)
    __hardfp_atan2f                          0x08007ce5   Thumb Code   594  atan2f.o(i.__hardfp_atan2f)
    __hardfp_sqrtf                           0x08007f91   Thumb Code    58  sqrtf.o(i.__hardfp_sqrtf)
    __mathlib_flt_infnan2                    0x08007fcb   Thumb Code     6  funder.o(i.__mathlib_flt_infnan2)
    __mathlib_flt_underflow                  0x08007fd1   Thumb Code    10  funder.o(i.__mathlib_flt_underflow)
    __scatterload_copy                       0x08007fe1   Thumb Code    14  handlers.o(i.__scatterload_copy)
    __scatterload_null                       0x08007fef   Thumb Code     2  handlers.o(i.__scatterload_null)
    __scatterload_zeroinit                   0x08007ff1   Thumb Code    14  handlers.o(i.__scatterload_zeroinit)
    __set_errno                              0x08008001   Thumb Code     6  errno.o(i.__set_errno)
    encoder_init_start                       0x080088c5   Thumb Code    36  encoder.o(i.encoder_init_start)
    encoder_read_speed                       0x080088f9   Thumb Code   118  encoder.o(i.encoder_read_speed)
    encoder_read_speed_10                    0x08008985   Thumb Code   118  encoder.o(i.encoder_read_speed_10)
    fputc                                    0x08008a11   Thumb Code    20  main.o(i.fputc)
    main                                     0x08008a29   Thumb Code   138  main.o(i.main)
    motor_set_speed                          0x08008abd   Thumb Code   270  pwm.o(i.motor_set_speed)
    osDelay                                  0x08008be1   Thumb Code    30  cmsis_os2.o(i.osDelay)
    osKernelGetTickCount                     0x08008bff   Thumb Code    26  cmsis_os2.o(i.osKernelGetTickCount)
    osKernelInitialize                       0x08008c19   Thumb Code    38  cmsis_os2.o(i.osKernelInitialize)
    osKernelStart                            0x08008c45   Thumb Code    82  cmsis_os2.o(i.osKernelStart)
    osMessageQueueNew                        0x08008ca5   Thumb Code   154  cmsis_os2.o(i.osMessageQueueNew)
    osMutexAcquire                           0x08008d3f   Thumb Code    98  cmsis_os2.o(i.osMutexAcquire)
    osMutexNew                               0x08008da1   Thumb Code   178  cmsis_os2.o(i.osMutexNew)
    osMutexRelease                           0x08008e53   Thumb Code    78  cmsis_os2.o(i.osMutexRelease)
    osThreadNew                              0x08008ea1   Thumb Code   184  cmsis_os2.o(i.osThreadNew)
    pvPortMalloc                             0x080099b1   Thumb Code   306  heap_4.o(i.pvPortMalloc)
    pvTaskIncrementMutexHeldCount            0x08009afd   Thumb Code    26  tasks.o(i.pvTaskIncrementMutexHeldCount)
    pwm_init_start                           0x08009b1d   Thumb Code    36  pwm.o(i.pwm_init_start)
    pxPortInitialiseStack                    0x08009b45   Thumb Code    38  port.o(i.pxPortInitialiseStack)
    speed_pid                                0x08009b71   Thumb Code   178  pid.o(i.speed_pid)
    uart3_send_to_htp                        0x08009c31   Thumb Code   124  uart3_to_htp.o(i.uart3_send_to_htp)
    uxListRemove                             0x08009cb1   Thumb Code    40  list.o(i.uxListRemove)
    vApplicationGetIdleTaskMemory            0x08009cd9   Thumb Code    14  cmsis_os2.o(i.vApplicationGetIdleTaskMemory)
    vApplicationGetTimerTaskMemory           0x08009cf1   Thumb Code    16  cmsis_os2.o(i.vApplicationGetTimerTaskMemory)
    vListInitialise                          0x08009d09   Thumb Code    26  list.o(i.vListInitialise)
    vListInitialiseItem                      0x08009d23   Thumb Code     6  list.o(i.vListInitialiseItem)
    vListInsert                              0x08009d29   Thumb Code    52  list.o(i.vListInsert)
    vListInsertEnd                           0x08009d5d   Thumb Code    24  list.o(i.vListInsertEnd)
    vPortEnterCritical                       0x08009d75   Thumb Code    76  port.o(i.vPortEnterCritical)
    vPortExitCritical                        0x08009dc9   Thumb Code    56  port.o(i.vPortExitCritical)
    vPortFree                                0x08009e05   Thumb Code   150  heap_4.o(i.vPortFree)
    vPortSetupTimerInterrupt                 0x08009ea9   Thumb Code    36  port.o(i.vPortSetupTimerInterrupt)
    vPortValidateInterruptPriority           0x08009ed1   Thumb Code   106  port.o(i.vPortValidateInterruptPriority)
    vQueueAddToRegistry                      0x08009f49   Thumb Code    38  queue.o(i.vQueueAddToRegistry)
    vQueueWaitForMessageRestricted           0x08009f75   Thumb Code    74  queue.o(i.vQueueWaitForMessageRestricted)
    vTaskDelay                               0x08009fc1   Thumb Code    82  tasks.o(i.vTaskDelay)
    vTaskDelayUntil                          0x0800a01d   Thumb Code   200  tasks.o(i.vTaskDelayUntil)
    vTaskInternalSetTimeOutState             0x0800a0f1   Thumb Code    14  tasks.o(i.vTaskInternalSetTimeOutState)
    vTaskMissedYield                         0x0800a109   Thumb Code     8  tasks.o(i.vTaskMissedYield)
    vTaskPlaceOnEventList                    0x0800a115   Thumb Code    52  tasks.o(i.vTaskPlaceOnEventList)
    vTaskPlaceOnEventListRestricted          0x0800a14d   Thumb Code    60  tasks.o(i.vTaskPlaceOnEventListRestricted)
    vTaskPriorityDisinheritAfterTimeout      0x0800a18d   Thumb Code   194  tasks.o(i.vTaskPriorityDisinheritAfterTimeout)
    vTaskStartScheduler                      0x0800a25d   Thumb Code   156  tasks.o(i.vTaskStartScheduler)
    vTaskSuspendAll                          0x0800a315   Thumb Code    12  tasks.o(i.vTaskSuspendAll)
    vTaskSwitchContext                       0x0800a325   Thumb Code   122  tasks.o(i.vTaskSwitchContext)
    xPortStartScheduler                      0x0800a3b5   Thumb Code   330  port.o(i.xPortStartScheduler)
    xPortSysTickHandler                      0x0800a51d   Thumb Code    46  port.o(i.xPortSysTickHandler)
    xQueueCreateMutex                        0x0800a551   Thumb Code    34  queue.o(i.xQueueCreateMutex)
    xQueueCreateMutexStatic                  0x0800a573   Thumb Code    42  queue.o(i.xQueueCreateMutexStatic)
    xQueueGenericCreate                      0x0800a59d   Thumb Code    90  queue.o(i.xQueueGenericCreate)
    xQueueGenericCreateStatic                0x0800a5f7   Thumb Code   224  queue.o(i.xQueueGenericCreateStatic)
    xQueueGenericReset                       0x0800a6d9   Thumb Code   146  queue.o(i.xQueueGenericReset)
    xQueueGenericSend                        0x0800a771   Thumb Code   420  queue.o(i.xQueueGenericSend)
    xQueueGenericSendFromISR                 0x0800a919   Thumb Code   252  queue.o(i.xQueueGenericSendFromISR)
    xQueueGiveMutexRecursive                 0x0800aa15   Thumb Code    72  queue.o(i.xQueueGiveMutexRecursive)
    xQueueReceive                            0x0800aa5d   Thumb Code   356  queue.o(i.xQueueReceive)
    xQueueSemaphoreTake                      0x0800abc5   Thumb Code   434  queue.o(i.xQueueSemaphoreTake)
    xQueueTakeMutexRecursive                 0x0800ad7d   Thumb Code    78  queue.o(i.xQueueTakeMutexRecursive)
    xTaskCheckForTimeOut                     0x0800adcd   Thumb Code   132  tasks.o(i.xTaskCheckForTimeOut)
    xTaskCreate                              0x0800ae59   Thumb Code   100  tasks.o(i.xTaskCreate)
    xTaskCreateStatic                        0x0800aebd   Thumb Code   186  tasks.o(i.xTaskCreateStatic)
    xTaskGetCurrentTaskHandle                0x0800af79   Thumb Code     6  tasks.o(i.xTaskGetCurrentTaskHandle)
    xTaskGetSchedulerState                   0x0800af85   Thumb Code    24  tasks.o(i.xTaskGetSchedulerState)
    xTaskGetTickCount                        0x0800afa5   Thumb Code     6  tasks.o(i.xTaskGetTickCount)
    xTaskGetTickCountFromISR                 0x0800afb1   Thumb Code    16  tasks.o(i.xTaskGetTickCountFromISR)
    xTaskIncrementTick                       0x0800afc5   Thumb Code   280  tasks.o(i.xTaskIncrementTick)
    xTaskPriorityDisinherit                  0x0800b109   Thumb Code   152  tasks.o(i.xTaskPriorityDisinherit)
    xTaskPriorityInherit                     0x0800b1ad   Thumb Code   150  tasks.o(i.xTaskPriorityInherit)
    xTaskRemoveFromEventList                 0x0800b251   Thumb Code   126  tasks.o(i.xTaskRemoveFromEventList)
    xTaskResumeAll                           0x0800b2e9   Thumb Code   222  tasks.o(i.xTaskResumeAll)
    xTimerCreateTimerTask                    0x0800b3ed   Thumb Code   100  timers.o(i.xTimerCreateTimerTask)
    xTimerGenericCommand                     0x0800b465   Thumb Code   128  timers.o(i.xTimerGenericCommand)
    asc2_1206                                0x0800b5e8   Data        1140  oled.o(.constdata)
    asc2_1608                                0x0800ba5c   Data        1520  oled.o(.constdata)
    asc2_2412                                0x0800c04c   Data        3420  oled.o(.constdata)
    defaultTask_attributes                   0x0800cdb4   Data          36  freertos.o(.constdata)
    MotorTask_attributes                     0x0800cdd8   Data          36  freertos.o(.constdata)
    BtTask_attributes                        0x0800cdfc   Data          36  freertos.o(.constdata)
    IMUTask_attributes                       0x0800ce20   Data          36  freertos.o(.constdata)
    LEDFlashingTask_attributes               0x0800ce44   Data          36  freertos.o(.constdata)
    HTPComuTask_attributes                   0x0800ce68   Data          36  freertos.o(.constdata)
    OLEDTask_attributes                      0x0800ce8c   Data          36  freertos.o(.constdata)
    PS2Task_attributes                       0x0800ceb0   Data          36  freertos.o(.constdata)
    ActuatorTask_attributes                  0x0800ced4   Data          36  freertos.o(.constdata)
    ExSensorTask_attributes                  0x0800cef8   Data          36  freertos.o(.constdata)
    global_sensor_data_mutex_attributes      0x0800cf1c   Data          16  freertos.o(.constdata)
    speed_mutex_attributes                   0x0800cf2c   Data          16  freertos.o(.constdata)
    AHBPrescTable                            0x0800cf44   Data          16  system_stm32f4xx.o(.constdata)
    APBPrescTable                            0x0800cf54   Data           8  system_stm32f4xx.o(.constdata)
    Region$$Table$$Base                      0x0800cffc   Number         0  anon$$obj.o(Region$$Table)
    Region$$Table$$Limit                     0x0800d01c   Number         0  anon$$obj.o(Region$$Table)
    target_speed_fl                          0x20000010   Data           4  pid.o(.data)
    target_speed_fr                          0x20000014   Data           4  pid.o(.data)
    target_speed_bl                          0x20000018   Data           4  pid.o(.data)
    target_speed_br                          0x2000001c   Data           4  pid.o(.data)
    current_speed_fl                         0x20000020   Data           4  pid.o(.data)
    current_speed_fr                         0x20000024   Data           4  pid.o(.data)
    current_speed_bl                         0x20000028   Data           4  pid.o(.data)
    current_speed_br                         0x2000002c   Data           4  pid.o(.data)
    current_speed_fl_10                      0x20000030   Data           4  pid.o(.data)
    current_speed_fr_10                      0x20000034   Data           4  pid.o(.data)
    current_speed_bl_10                      0x20000038   Data           4  pid.o(.data)
    current_speed_br_10                      0x2000003c   Data           4  pid.o(.data)
    g_mpu_dma_ready                          0x20000047   Data           1  mpu6050.o(.data)
    read_encoder_flag                        0x20000050   Data           1  main.o(.data)
    BtCmdQueueHandle                         0x20000058   Data           4  freertos.o(.data)
    defaultTaskHandle                        0x2000005c   Data           4  freertos.o(.data)
    MotorTaskHandle                          0x20000060   Data           4  freertos.o(.data)
    BtTaskHandle                             0x20000064   Data           4  freertos.o(.data)
    IMUTaskHandle                            0x20000068   Data           4  freertos.o(.data)
    LEDFlashingTaskHandle                    0x2000006c   Data           4  freertos.o(.data)
    HTPComuTaskHandle                        0x20000070   Data           4  freertos.o(.data)
    OLEDTaskHandle                           0x20000074   Data           4  freertos.o(.data)
    PS2TaskHandle                            0x20000078   Data           4  freertos.o(.data)
    ActuatorTaskHandle                       0x2000007c   Data           4  freertos.o(.data)
    ExSensorTaskHandle                       0x20000080   Data           4  freertos.o(.data)
    global_sensor_data_mutexHandle           0x20000084   Data           4  freertos.o(.data)
    speed_mutexHandle                        0x20000088   Data           4  freertos.o(.data)
    __stdout                                 0x200000a0   Data           4  usart.o(.data)
    uwTick                                   0x200000a4   Data           4  stm32f4xx_hal.o(.data)
    uwTickPrio                               0x200000a8   Data           4  stm32f4xx_hal.o(.data)
    uwTickFreq                               0x200000ac   Data           1  stm32f4xx_hal.o(.data)
    SystemCoreClock                          0x200000b0   Data           4  system_stm32f4xx.o(.data)
    pxCurrentTCB                             0x200000b4   Data           4  tasks.o(.data)
    pid_fl                                   0x20000138   Data          32  pid.o(.bss)
    pid_fr                                   0x20000158   Data          32  pid.o(.bss)
    pid_bl                                   0x20000178   Data          32  pid.o(.bss)
    pid_br                                   0x20000198   Data          32  pid.o(.bss)
    g_SensorData                             0x200001b8   Data          28  sensor.o(.bss)
    OLED_GRAM                                0x200001d4   Data        1024  oled.o(.bss)
    mpu_rx_buf                               0x200005dd   Data          14  mpu6050.o(.bss)
    rx_buffer                                0x200005eb   Data         128  main.o(.bss)
    hadc1                                    0x2000066c   Data          72  adc.o(.bss)
    hdma_adc1                                0x200006b4   Data          96  adc.o(.bss)
    hcan2                                    0x20000714   Data          40  can.o(.bss)
    hi2c1                                    0x2000073c   Data          84  i2c.o(.bss)
    hi2c2                                    0x20000790   Data          84  i2c.o(.bss)
    hdma_i2c1_tx                             0x200007e4   Data          96  i2c.o(.bss)
    hdma_i2c1_rx                             0x20000844   Data          96  i2c.o(.bss)
    htim1                                    0x200008a4   Data          72  tim.o(.bss)
    htim3                                    0x200008ec   Data          72  tim.o(.bss)
    htim4                                    0x20000934   Data          72  tim.o(.bss)
    htim5                                    0x2000097c   Data          72  tim.o(.bss)
    htim8                                    0x200009c4   Data          72  tim.o(.bss)
    htim9                                    0x20000a0c   Data          72  tim.o(.bss)
    huart4                                   0x20000a54   Data          72  usart.o(.bss)
    huart1                                   0x20000a9c   Data          72  usart.o(.bss)
    huart3                                   0x20000ae4   Data          72  usart.o(.bss)
    hdma_uart4_rx                            0x20000b2c   Data          96  usart.o(.bss)
    htim14                                   0x20000b8c   Data          72  stm32f4xx_hal_timebase_tim.o(.bss)
    xQueueRegistry                           0x20000bd4   Data          64  queue.o(.bss)
    __initial_sp                             0x20009ca8   Data           0  startup_stm32f407xx.o(STACK)



==============================================================================

Memory Map of the image

  Image Entry point : 0x08000189

  Load Region LR_IROM1 (Base: 0x08000000, Size: 0x0000d154, Max: 0x00080000, ABSOLUTE, COMPRESSED[0x0000d02c])

    Execution Region ER_IROM1 (Exec base: 0x08000000, Load base: 0x08000000, Size: 0x0000d01c, Max: 0x00080000, ABSOLUTE)

    Exec Addr    Load Addr    Size         Type   Attr      Idx    E Section Name        Object

    0x08000000   0x08000000   0x00000188   Data   RO            3    RESET               startup_stm32f407xx.o
    0x08000188   0x08000188   0x00000000   Code   RO         7743  * .ARM.Collect$$$$00000000  mc_w.l(entry.o)
    0x08000188   0x08000188   0x00000004   Code   RO         8041    .ARM.Collect$$$$00000001  mc_w.l(entry2.o)
    0x0800018c   0x0800018c   0x00000004   Code   RO         8044    .ARM.Collect$$$$00000004  mc_w.l(entry5.o)
    0x08000190   0x08000190   0x00000000   Code   RO         8046    .ARM.Collect$$$$00000008  mc_w.l(entry7b.o)
    0x08000190   0x08000190   0x00000000   Code   RO         8048    .ARM.Collect$$$$0000000A  mc_w.l(entry8b.o)
    0x08000190   0x08000190   0x00000008   Code   RO         8049    .ARM.Collect$$$$0000000B  mc_w.l(entry9a.o)
    0x08000198   0x08000198   0x00000004   Code   RO         8056    .ARM.Collect$$$$0000000E  mc_w.l(entry12b.o)
    0x0800019c   0x0800019c   0x00000000   Code   RO         8051    .ARM.Collect$$$$0000000F  mc_w.l(entry10a.o)
    0x0800019c   0x0800019c   0x00000000   Code   RO         8053    .ARM.Collect$$$$00000011  mc_w.l(entry11a.o)
    0x0800019c   0x0800019c   0x00000004   Code   RO         8042    .ARM.Collect$$$$00002712  mc_w.l(entry2.o)
    0x080001a0   0x080001a0   0x000000be   Code   RO         7624    .emb_text           port.o
    0x0800025e   0x0800025e   0x00000002   PAD
    0x08000260   0x08000260   0x00000024   Code   RO            4    .text               startup_stm32f407xx.o
    0x08000284   0x08000284   0x00000062   Code   RO         7746    .text               mc_w.l(uldiv.o)
    0x080002e6   0x080002e6   0x00000024   Code   RO         7750    .text               mc_w.l(memcpya.o)
    0x0800030a   0x0800030a   0x00000024   Code   RO         7754    .text               mc_w.l(memseta.o)
    0x0800032e   0x0800032e   0x00000026   Code   RO         8021    .text               mf_w.l(f2d.o)
    0x08000354   0x08000354   0x00000030   Code   RO         8023    .text               mf_w.l(cdrcmple.o)
    0x08000384   0x08000384   0x0000002c   Code   RO         8057    .text               mc_w.l(uidiv.o)
    0x080003b0   0x080003b0   0x0000001e   Code   RO         8059    .text               mc_w.l(llshl.o)
    0x080003ce   0x080003ce   0x00000020   Code   RO         8061    .text               mc_w.l(llushr.o)
    0x080003ee   0x080003ee   0x00000000   Code   RO         8070    .text               mc_w.l(iusefp.o)
    0x080003ee   0x080003ee   0x0000014e   Code   RO         8071    .text               mf_w.l(dadd.o)
    0x0800053c   0x0800053c   0x000000e4   Code   RO         8073    .text               mf_w.l(dmul.o)
    0x08000620   0x08000620   0x000000de   Code   RO         8075    .text               mf_w.l(ddiv.o)
    0x080006fe   0x080006fe   0x00000030   Code   RO         8077    .text               mf_w.l(dfixul.o)
    0x0800072e   0x0800072e   0x00000002   PAD
    0x08000730   0x08000730   0x00000024   Code   RO         8079    .text               mc_w.l(init.o)
    0x08000754   0x08000754   0x00000024   Code   RO         8081    .text               mc_w.l(llsshr.o)
    0x08000778   0x08000778   0x000000ba   Code   RO         8083    .text               mf_w.l(depilogue.o)
    0x08000832   0x08000832   0x00000056   Code   RO         8093    .text               mc_w.l(__dczerorl2.o)
    0x08000888   0x08000888   0x00000010   Code   RO         2087    i.ADC_IRQHandler    stm32f4xx_it.o
    0x08000898   0x08000898   0x00000160   Code   RO         3273    i.ADC_Init          stm32f4xx_hal_adc.o
    0x080009f8   0x080009f8   0x000000d8   Code   RO         1200    i.AX_PS2_Init       ax_ps2.o
    0x08000ad0   0x08000ad0   0x00000078   Code   RO         1201    i.AX_PS2_ScanKey    ax_ps2.o
    0x08000b48   0x08000b48   0x00000004   Code   RO         2088    i.BusFault_Handler  stm32f4xx_it.o
    0x08000b4c   0x08000b4c   0x00000010   Code   RO         2089    i.DMA1_Stream0_IRQHandler  stm32f4xx_it.o
    0x08000b5c   0x08000b5c   0x00000010   Code   RO         2090    i.DMA1_Stream2_IRQHandler  stm32f4xx_it.o
    0x08000b6c   0x08000b6c   0x00000010   Code   RO         2091    i.DMA1_Stream6_IRQHandler  stm32f4xx_it.o
    0x08000b7c   0x08000b7c   0x00000010   Code   RO         2092    i.DMA2_Stream0_IRQHandler  stm32f4xx_it.o
    0x08000b8c   0x08000b8c   0x00000034   Code   RO         4052    i.DMA_CalcBaseAndBitshift  stm32f4xx_hal_dma.o
    0x08000bc0   0x08000bc0   0x000000aa   Code   RO         4053    i.DMA_CheckFifoParam  stm32f4xx_hal_dma.o
    0x08000c6a   0x08000c6a   0x0000002c   Code   RO         4054    i.DMA_SetConfig     stm32f4xx_hal_dma.o
    0x08000c96   0x08000c96   0x00000002   Code   RO         2093    i.DebugMon_Handler  stm32f4xx_it.o
    0x08000c98   0x08000c98   0x00000020   Code   RO         1243    i.Delay_us          delay.o
    0x08000cb8   0x08000cb8   0x0000000a   Code   RO         2094    i.EXTI4_IRQHandler  stm32f4xx_it.o
    0x08000cc2   0x08000cc2   0x00000016   Code   RO         2095    i.EXTI9_5_IRQHandler  stm32f4xx_it.o
    0x08000cd8   0x08000cd8   0x00000006   Code   RO         1507    i.Error_Handler     main.o
    0x08000cde   0x08000cde   0x00000002   Code   RO         3444    i.HAL_ADCEx_InjectedConvCpltCallback  stm32f4xx_hal_adc_ex.o
    0x08000ce0   0x08000ce0   0x0000018c   Code   RO         3275    i.HAL_ADC_ConfigChannel  stm32f4xx_hal_adc.o
    0x08000e6c   0x08000e6c   0x00000002   Code   RO         3276    i.HAL_ADC_ConvCpltCallback  stm32f4xx_hal_adc.o
    0x08000e6e   0x08000e6e   0x00000002   Code   RO         3279    i.HAL_ADC_ErrorCallback  stm32f4xx_hal_adc.o
    0x08000e70   0x08000e70   0x00000162   Code   RO         3283    i.HAL_ADC_IRQHandler  stm32f4xx_hal_adc.o
    0x08000fd2   0x08000fd2   0x00000002   PAD
    0x08000fd4   0x08000fd4   0x00000068   Code   RO         3284    i.HAL_ADC_Init      stm32f4xx_hal_adc.o
    0x0800103c   0x0800103c   0x00000002   Code   RO         3285    i.HAL_ADC_LevelOutOfWindowCallback  stm32f4xx_hal_adc.o
    0x0800103e   0x0800103e   0x00000002   PAD
    0x08001040   0x08001040   0x000000d4   Code   RO         1750    i.HAL_ADC_MspInit   adc.o
    0x08001114   0x08001114   0x00000174   Code   RO         4762    i.HAL_CAN_Init      stm32f4xx_hal_can.o
    0x08001288   0x08001288   0x000000a8   Code   RO         1792    i.HAL_CAN_MspInit   can.o
    0x08001330   0x08001330   0x000000ac   Code   RO         4055    i.HAL_DMA_Abort     stm32f4xx_hal_dma.o
    0x080013dc   0x080013dc   0x00000028   Code   RO         4056    i.HAL_DMA_Abort_IT  stm32f4xx_hal_dma.o
    0x08001404   0x08001404   0x00000006   Code   RO         4058    i.HAL_DMA_GetError  stm32f4xx_hal_dma.o
    0x0800140a   0x0800140a   0x00000008   Code   RO         4059    i.HAL_DMA_GetState  stm32f4xx_hal_dma.o
    0x08001412   0x08001412   0x00000002   PAD
    0x08001414   0x08001414   0x00000240   Code   RO         4060    i.HAL_DMA_IRQHandler  stm32f4xx_hal_dma.o
    0x08001654   0x08001654   0x000000ec   Code   RO         4061    i.HAL_DMA_Init      stm32f4xx_hal_dma.o
    0x08001740   0x08001740   0x00000092   Code   RO         4065    i.HAL_DMA_Start_IT  stm32f4xx_hal_dma.o
    0x080017d2   0x080017d2   0x00000002   PAD
    0x080017d4   0x080017d4   0x00000024   Code   RO         1508    i.HAL_GPIO_EXTI_Callback  main.o
    0x080017f8   0x080017f8   0x0000001c   Code   RO         3947    i.HAL_GPIO_EXTI_IRQHandler  stm32f4xx_hal_gpio.o
    0x08001814   0x08001814   0x000001f4   Code   RO         3948    i.HAL_GPIO_Init     stm32f4xx_hal_gpio.o
    0x08001a08   0x08001a08   0x00000010   Code   RO         3950    i.HAL_GPIO_ReadPin  stm32f4xx_hal_gpio.o
    0x08001a18   0x08001a18   0x0000000c   Code   RO         3952    i.HAL_GPIO_WritePin  stm32f4xx_hal_gpio.o
    0x08001a24   0x08001a24   0x0000000c   Code   RO         4503    i.HAL_GetTick       stm32f4xx_hal.o
    0x08001a30   0x08001a30   0x00000002   Code   RO         4982    i.HAL_I2C_AbortCpltCallback  stm32f4xx_hal_i2c.o
    0x08001a32   0x08001a32   0x00000002   Code   RO         4983    i.HAL_I2C_AddrCallback  stm32f4xx_hal_i2c.o
    0x08001a34   0x08001a34   0x000000d4   Code   RO         4986    i.HAL_I2C_ER_IRQHandler  stm32f4xx_hal_i2c.o
    0x08001b08   0x08001b08   0x000001da   Code   RO         4987    i.HAL_I2C_EV_IRQHandler  stm32f4xx_hal_i2c.o
    0x08001ce2   0x08001ce2   0x00000002   Code   RO         4989    i.HAL_I2C_ErrorCallback  stm32f4xx_hal_i2c.o
    0x08001ce4   0x08001ce4   0x000001d0   Code   RO         4993    i.HAL_I2C_Init      stm32f4xx_hal_i2c.o
    0x08001eb4   0x08001eb4   0x00000002   Code   RO         4995    i.HAL_I2C_ListenCpltCallback  stm32f4xx_hal_i2c.o
    0x08001eb6   0x08001eb6   0x00000002   Code   RO         4996    i.HAL_I2C_MasterRxCpltCallback  stm32f4xx_hal_i2c.o
    0x08001eb8   0x08001eb8   0x00000002   Code   RO         4997    i.HAL_I2C_MasterTxCpltCallback  stm32f4xx_hal_i2c.o
    0x08001eba   0x08001eba   0x00000002   PAD
    0x08001ebc   0x08001ebc   0x00000170   Code   RO         5006    i.HAL_I2C_Master_Transmit  stm32f4xx_hal_i2c.o
    0x0800202c   0x0800202c   0x00000018   Code   RO         1277    i.HAL_I2C_MemRxCpltCallback  mpu6050.o
    0x08002044   0x08002044   0x00000002   Code   RO         5010    i.HAL_I2C_MemTxCpltCallback  stm32f4xx_hal_i2c.o
    0x08002046   0x08002046   0x00000002   PAD
    0x08002048   0x08002048   0x00000264   Code   RO         5012    i.HAL_I2C_Mem_Read_DMA  stm32f4xx_hal_i2c.o
    0x080022ac   0x080022ac   0x00000164   Code   RO         5014    i.HAL_I2C_Mem_Write  stm32f4xx_hal_i2c.o
    0x08002410   0x08002410   0x000001a8   Code   RO         1861    i.HAL_I2C_MspInit   i2c.o
    0x080025b8   0x080025b8   0x00000002   Code   RO         5019    i.HAL_I2C_SlaveRxCpltCallback  stm32f4xx_hal_i2c.o
    0x080025ba   0x080025ba   0x00000002   Code   RO         5020    i.HAL_I2C_SlaveTxCpltCallback  stm32f4xx_hal_i2c.o
    0x080025bc   0x080025bc   0x00000018   Code   RO         4509    i.HAL_IncTick       stm32f4xx_hal.o
    0x080025d4   0x080025d4   0x0000003c   Code   RO         4510    i.HAL_Init          stm32f4xx_hal.o
    0x08002610   0x08002610   0x000000b4   Code   RO         2247    i.HAL_InitTick      stm32f4xx_hal_timebase_tim.o
    0x080026c4   0x080026c4   0x00000054   Code   RO         2223    i.HAL_MspInit       stm32f4xx_hal_msp.o
    0x08002718   0x08002718   0x00000028   Code   RO         4340    i.HAL_NVIC_EnableIRQ  stm32f4xx_hal_cortex.o
    0x08002740   0x08002740   0x0000007c   Code   RO         4346    i.HAL_NVIC_SetPriority  stm32f4xx_hal_cortex.o
    0x080027bc   0x080027bc   0x00000028   Code   RO         4347    i.HAL_NVIC_SetPriorityGrouping  stm32f4xx_hal_cortex.o
    0x080027e4   0x080027e4   0x00000184   Code   RO         3549    i.HAL_RCC_ClockConfig  stm32f4xx_hal_rcc.o
    0x08002968   0x08002968   0x00000044   Code   RO         3553    i.HAL_RCC_GetClockConfig  stm32f4xx_hal_rcc.o
    0x080029ac   0x080029ac   0x0000000c   Code   RO         3554    i.HAL_RCC_GetHCLKFreq  stm32f4xx_hal_rcc.o
    0x080029b8   0x080029b8   0x00000020   Code   RO         3556    i.HAL_RCC_GetPCLK1Freq  stm32f4xx_hal_rcc.o
    0x080029d8   0x080029d8   0x00000020   Code   RO         3557    i.HAL_RCC_GetPCLK2Freq  stm32f4xx_hal_rcc.o
    0x080029f8   0x080029f8   0x000000b0   Code   RO         3558    i.HAL_RCC_GetSysClockFreq  stm32f4xx_hal_rcc.o
    0x08002aa8   0x08002aa8   0x0000049c   Code   RO         3561    i.HAL_RCC_OscConfig  stm32f4xx_hal_rcc.o
    0x08002f44   0x08002f44   0x00000002   Code   RO         3003    i.HAL_TIMEx_BreakCallback  stm32f4xx_hal_tim_ex.o
    0x08002f46   0x08002f46   0x00000002   Code   RO         3004    i.HAL_TIMEx_CommutCallback  stm32f4xx_hal_tim_ex.o
    0x08002f48   0x08002f48   0x00000074   Code   RO         3006    i.HAL_TIMEx_ConfigBreakDeadTime  stm32f4xx_hal_tim_ex.o
    0x08002fbc   0x08002fbc   0x000000b4   Code   RO         3022    i.HAL_TIMEx_MasterConfigSynchronization  stm32f4xx_hal_tim_ex.o
    0x08003070   0x08003070   0x00000066   Code   RO         2288    i.HAL_TIM_Base_Init  stm32f4xx_hal_tim.o
    0x080030d6   0x080030d6   0x00000002   PAD
    0x080030d8   0x080030d8   0x00000060   Code   RO         1933    i.HAL_TIM_Base_MspInit  tim.o
    0x08003138   0x08003138   0x000000a8   Code   RO         2293    i.HAL_TIM_Base_Start_IT  stm32f4xx_hal_tim.o
    0x080031e0   0x080031e0   0x0000010c   Code   RO         2297    i.HAL_TIM_ConfigClockSource  stm32f4xx_hal_tim.o
    0x080032ec   0x080032ec   0x000000c8   Code   RO         2309    i.HAL_TIM_Encoder_Init  stm32f4xx_hal_tim.o
    0x080033b4   0x080033b4   0x000001e8   Code   RO         1935    i.HAL_TIM_Encoder_MspInit  tim.o
    0x0800359c   0x0800359c   0x000000cc   Code   RO         2312    i.HAL_TIM_Encoder_Start  stm32f4xx_hal_tim.o
    0x08003668   0x08003668   0x00000002   Code   RO         2322    i.HAL_TIM_IC_CaptureCallback  stm32f4xx_hal_tim.o
    0x0800366a   0x0800366a   0x0000016c   Code   RO         2336    i.HAL_TIM_IRQHandler  stm32f4xx_hal_tim.o
    0x080037d6   0x080037d6   0x00000002   PAD
    0x080037d8   0x080037d8   0x000000b0   Code   RO         1936    i.HAL_TIM_MspPostInit  tim.o
    0x08003888   0x08003888   0x00000002   Code   RO         2339    i.HAL_TIM_OC_DelayElapsedCallback  stm32f4xx_hal_tim.o
    0x0800388a   0x0800388a   0x00000104   Code   RO         2360    i.HAL_TIM_PWM_ConfigChannel  stm32f4xx_hal_tim.o
    0x0800398e   0x0800398e   0x00000066   Code   RO         2363    i.HAL_TIM_PWM_Init  stm32f4xx_hal_tim.o
    0x080039f4   0x080039f4   0x00000002   Code   RO         2365    i.HAL_TIM_PWM_MspInit  stm32f4xx_hal_tim.o
    0x080039f6   0x080039f6   0x00000002   Code   RO         2366    i.HAL_TIM_PWM_PulseFinishedCallback  stm32f4xx_hal_tim.o
    0x080039f8   0x080039f8   0x0000010c   Code   RO         2368    i.HAL_TIM_PWM_Start  stm32f4xx_hal_tim.o
    0x08003b04   0x08003b04   0x00000018   Code   RO         1509    i.HAL_TIM_PeriodElapsedCallback  main.o
    0x08003b1c   0x08003b1c   0x00000002   Code   RO         2379    i.HAL_TIM_TriggerCallback  stm32f4xx_hal_tim.o
    0x08003b1e   0x08003b1e   0x00000070   Code   RO         5487    i.HAL_UARTEx_ReceiveToIdle_DMA  stm32f4xx_hal_uart.o
    0x08003b8e   0x08003b8e   0x00000002   PAD
    0x08003b90   0x08003b90   0x00000034   Code   RO         1510    i.HAL_UARTEx_RxEventCallback  main.o
    0x08003bc4   0x08003bc4   0x00000002   Code   RO         5503    i.HAL_UART_ErrorCallback  stm32f4xx_hal_uart.o
    0x08003bc6   0x08003bc6   0x00000002   PAD
    0x08003bc8   0x08003bc8   0x00000308   Code   RO         5506    i.HAL_UART_IRQHandler  stm32f4xx_hal_uart.o
    0x08003ed0   0x08003ed0   0x00000076   Code   RO         5507    i.HAL_UART_Init     stm32f4xx_hal_uart.o
    0x08003f46   0x08003f46   0x00000002   PAD
    0x08003f48   0x08003f48   0x000001e4   Code   RO         2023    i.HAL_UART_MspInit  usart.o
    0x0800412c   0x0800412c   0x00000002   Code   RO         5513    i.HAL_UART_RxCpltCallback  stm32f4xx_hal_uart.o
    0x0800412e   0x0800412e   0x00000002   Code   RO         5514    i.HAL_UART_RxHalfCpltCallback  stm32f4xx_hal_uart.o
    0x08004130   0x08004130   0x000000be   Code   RO         5515    i.HAL_UART_Transmit  stm32f4xx_hal_uart.o
    0x080041ee   0x080041ee   0x00000002   Code   RO         5518    i.HAL_UART_TxCpltCallback  stm32f4xx_hal_uart.o
    0x080041f0   0x080041f0   0x00000004   Code   RO         2096    i.HardFault_Handler  stm32f4xx_it.o
    0x080041f4   0x080041f4   0x00000010   Code   RO         2097    i.I2C1_ER_IRQHandler  stm32f4xx_it.o
    0x08004204   0x08004204   0x00000010   Code   RO         2098    i.I2C1_EV_IRQHandler  stm32f4xx_it.o
    0x08004214   0x08004214   0x0000001c   Code   RO         5031    i.I2C_ConvertOtherXferOptions  stm32f4xx_hal_i2c.o
    0x08004230   0x08004230   0x000000f8   Code   RO         5032    i.I2C_DMAAbort      stm32f4xx_hal_i2c.o
    0x08004328   0x08004328   0x00000050   Code   RO         5033    i.I2C_DMAError      stm32f4xx_hal_i2c.o
    0x08004378   0x08004378   0x0000013e   Code   RO         5034    i.I2C_DMAXferCplt   stm32f4xx_hal_i2c.o
    0x080044b6   0x080044b6   0x00000012   Code   RO         5035    i.I2C_Flush_DR      stm32f4xx_hal_i2c.o
    0x080044c8   0x080044c8   0x000001ac   Code   RO         5036    i.I2C_ITError       stm32f4xx_hal_i2c.o
    0x08004674   0x08004674   0x0000003e   Code   RO         5037    i.I2C_IsAcknowledgeFailed  stm32f4xx_hal_i2c.o
    0x080046b2   0x080046b2   0x00000130   Code   RO         5038    i.I2C_MasterReceive_BTF  stm32f4xx_hal_i2c.o
    0x080047e2   0x080047e2   0x00000104   Code   RO         5039    i.I2C_MasterReceive_RXNE  stm32f4xx_hal_i2c.o
    0x080048e6   0x080048e6   0x00000002   PAD
    0x080048e8   0x080048e8   0x000000c0   Code   RO         5041    i.I2C_MasterRequestWrite  stm32f4xx_hal_i2c.o
    0x080049a8   0x080049a8   0x000000a0   Code   RO         5042    i.I2C_MasterTransmit_BTF  stm32f4xx_hal_i2c.o
    0x08004a48   0x08004a48   0x000000d8   Code   RO         5043    i.I2C_MasterTransmit_TXE  stm32f4xx_hal_i2c.o
    0x08004b20   0x08004b20   0x0000002a   Code   RO         5044    i.I2C_Master_ADD10  stm32f4xx_hal_i2c.o
    0x08004b4a   0x08004b4a   0x00000268   Code   RO         5045    i.I2C_Master_ADDR   stm32f4xx_hal_i2c.o
    0x08004db2   0x08004db2   0x0000009e   Code   RO         5046    i.I2C_Master_SB     stm32f4xx_hal_i2c.o
    0x08004e50   0x08004e50   0x000000c6   Code   RO         5047    i.I2C_MemoryTransmit_TXE_BTF  stm32f4xx_hal_i2c.o
    0x08004f16   0x08004f16   0x00000002   PAD
    0x08004f18   0x08004f18   0x00000160   Code   RO         5048    i.I2C_RequestMemoryRead  stm32f4xx_hal_i2c.o
    0x08005078   0x08005078   0x000000e0   Code   RO         5049    i.I2C_RequestMemoryWrite  stm32f4xx_hal_i2c.o
    0x08005158   0x08005158   0x0000001a   Code   RO         5050    i.I2C_SlaveReceive_BTF  stm32f4xx_hal_i2c.o
    0x08005172   0x08005172   0x00000046   Code   RO         5051    i.I2C_SlaveReceive_RXNE  stm32f4xx_hal_i2c.o
    0x080051b8   0x080051b8   0x0000001a   Code   RO         5052    i.I2C_SlaveTransmit_BTF  stm32f4xx_hal_i2c.o
    0x080051d2   0x080051d2   0x00000046   Code   RO         5053    i.I2C_SlaveTransmit_TXE  stm32f4xx_hal_i2c.o
    0x08005218   0x08005218   0x00000070   Code   RO         5054    i.I2C_Slave_ADDR    stm32f4xx_hal_i2c.o
    0x08005288   0x08005288   0x000000a8   Code   RO         5055    i.I2C_Slave_AF      stm32f4xx_hal_i2c.o
    0x08005330   0x08005330   0x0000018c   Code   RO         5056    i.I2C_Slave_STOPF   stm32f4xx_hal_i2c.o
    0x080054bc   0x080054bc   0x00000066   Code   RO         5057    i.I2C_WaitOnBTFFlagUntilTimeout  stm32f4xx_hal_i2c.o
    0x08005522   0x08005522   0x000000be   Code   RO         5058    i.I2C_WaitOnFlagUntilTimeout  stm32f4xx_hal_i2c.o
    0x080055e0   0x080055e0   0x000000fa   Code   RO         5059    i.I2C_WaitOnMasterAddressFlagUntilTimeout  stm32f4xx_hal_i2c.o
    0x080056da   0x080056da   0x00000002   PAD
    0x080056dc   0x080056dc   0x00000050   Code   RO         5062    i.I2C_WaitOnSTOPRequestThroughIT  stm32f4xx_hal_i2c.o
    0x0800572c   0x0800572c   0x00000066   Code   RO         5063    i.I2C_WaitOnTXEFlagUntilTimeout  stm32f4xx_hal_i2c.o
    0x08005792   0x08005792   0x00000002   PAD
    0x08005794   0x08005794   0x00000148   Code   RO         1278    i.MPU6050_Calibrate_Offset  mpu6050.o
    0x080058dc   0x080058dc   0x00000244   Code   RO         1280    i.MPU6050_GetAngle  mpu6050.o
    0x08005b20   0x08005b20   0x00000078   Code   RO         1281    i.MPU6050_GetData   mpu6050.o
    0x08005b98   0x08005b98   0x0000002c   Code   RO         1283    i.MPU6050_Init      mpu6050.o
    0x08005bc4   0x08005bc4   0x00000034   Code   RO         1284    i.MPU6050_ReadData_DMA  mpu6050.o
    0x08005bf8   0x08005bf8   0x00000028   Code   RO         1286    i.MPU6050_WriteReg  mpu6050.o
    0x08005c20   0x08005c20   0x00000070   Code   RO         1751    i.MX_ADC1_Init      adc.o
    0x08005c90   0x08005c90   0x00000038   Code   RO         1793    i.MX_CAN2_Init      can.o
    0x08005cc8   0x08005cc8   0x00000088   Code   RO         1833    i.MX_DMA_Init       dma.o
    0x08005d50   0x08005d50   0x00000140   Code   RO         1638    i.MX_FREERTOS_Init  freertos.o
    0x08005e90   0x08005e90   0x000001e8   Code   RO         1611    i.MX_GPIO_Init      gpio.o
    0x08006078   0x08006078   0x0000003c   Code   RO         1862    i.MX_I2C1_Init      i2c.o
    0x080060b4   0x080060b4   0x0000003c   Code   RO         1863    i.MX_I2C2_Init      i2c.o
    0x080060f0   0x080060f0   0x00000108   Code   RO         1937    i.MX_TIM1_Init      tim.o
    0x080061f8   0x080061f8   0x00000080   Code   RO         1938    i.MX_TIM3_Init      tim.o
    0x08006278   0x08006278   0x00000080   Code   RO         1939    i.MX_TIM4_Init      tim.o
    0x080062f8   0x080062f8   0x00000080   Code   RO         1940    i.MX_TIM5_Init      tim.o
    0x08006378   0x08006378   0x00000080   Code   RO         1941    i.MX_TIM8_Init      tim.o
    0x080063f8   0x080063f8   0x000000a0   Code   RO         1942    i.MX_TIM9_Init      tim.o
    0x08006498   0x08006498   0x00000038   Code   RO         2024    i.MX_UART4_Init     usart.o
    0x080064d0   0x080064d0   0x00000038   Code   RO         2025    i.MX_USART1_UART_Init  usart.o
    0x08006508   0x08006508   0x00000038   Code   RO         2026    i.MX_USART3_UART_Init  usart.o
    0x08006540   0x08006540   0x00000004   Code   RO         2099    i.MemManage_Handler  stm32f4xx_it.o
    0x08006544   0x08006544   0x00000004   Code   RO         2100    i.NMI_Handler       stm32f4xx_it.o
    0x08006548   0x08006548   0x00000028   Code   RO         1041    i.OLED_Clear        oled.o
    0x08006570   0x08006570   0x00000060   Code   RO         1042    i.OLED_ClearPoint   oled.o
    0x080065d0   0x080065d0   0x0000003c   Code   RO         1049    i.OLED_DrawPoint    oled.o
    0x0800660c   0x0800660c   0x00000024   Code   RO         1050    i.OLED_I2C_WriteCmd  oled.o
    0x08006630   0x08006630   0x00000034   Code   RO         1051    i.OLED_I2C_WriteDataBuf  oled.o
    0x08006664   0x08006664   0x000000b0   Code   RO         1052    i.OLED_Init         oled.o
    0x08006714   0x08006714   0x00000050   Code   RO         1054    i.OLED_Refresh      oled.o
    0x08006764   0x08006764   0x000000fc   Code   RO         1056    i.OLED_ShowChar     oled.o
    0x08006860   0x08006860   0x00000042   Code   RO         1060    i.OLED_ShowString   oled.o
    0x080068a2   0x080068a2   0x00000002   PAD
    0x080068a4   0x080068a4   0x000000a4   Code   RO          172    i.PID_Init          pid.o
    0x08006948   0x08006948   0x000000dc   Code   RO          173    i.PID_Task          pid.o
    0x08006a24   0x08006a24   0x0000006c   Code   RO         1202    i.PS2_ReadWriteData  ax_ps2.o
    0x08006a90   0x08006a90   0x0000000a   Code   RO         1639    i.StartActuatorTask  freertos.o
    0x08006a9a   0x08006a9a   0x00000002   PAD
    0x08006a9c   0x08006a9c   0x0000001c   Code   RO         1640    i.StartBtTask       freertos.o
    0x08006ab8   0x08006ab8   0x0000000a   Code   RO         1641    i.StartDefaultTask  freertos.o
    0x08006ac2   0x08006ac2   0x0000000a   Code   RO         1642    i.StartExSensorTask  freertos.o
    0x08006acc   0x08006acc   0x00000118   Code   RO         1643    i.StartHTPComuTask  freertos.o
    0x08006be4   0x08006be4   0x000001e8   Code   RO         1644    i.StartIMUTask      freertos.o
    0x08006dcc   0x08006dcc   0x0000002c   Code   RO         1645    i.StartLEDFlashingTask  freertos.o
    0x08006df8   0x08006df8   0x00000018   Code   RO         1646    i.StartMotorTask    freertos.o
    0x08006e10   0x08006e10   0x00000210   Code   RO         1647    i.StartOLEDTask     freertos.o
    0x08007020   0x08007020   0x000000dc   Code   RO         1648    i.StartPS2Task      freertos.o
    0x080070fc   0x080070fc   0x00000016   Code   RO         7035    i.SysTick_Handler   cmsis_os2.o
    0x08007112   0x08007112   0x00000002   PAD
    0x08007114   0x08007114   0x000000b4   Code   RO         1511    i.SystemClock_Config  main.o
    0x080071c8   0x080071c8   0x00000014   Code   RO         5851    i.SystemInit        system_stm32f4xx.o
    0x080071dc   0x080071dc   0x00000018   Code   RO         2101    i.TIM8_TRG_COM_TIM14_IRQHandler  stm32f4xx_it.o
    0x080071f4   0x080071f4   0x000000e0   Code   RO         2381    i.TIM_Base_SetConfig  stm32f4xx_hal_tim.o
    0x080072d4   0x080072d4   0x00000022   Code   RO         2382    i.TIM_CCxChannelCmd  stm32f4xx_hal_tim.o
    0x080072f6   0x080072f6   0x00000016   Code   RO         2392    i.TIM_ETR_SetConfig  stm32f4xx_hal_tim.o
    0x0800730c   0x0800730c   0x00000012   Code   RO         2393    i.TIM_ITRx_SetConfig  stm32f4xx_hal_tim.o
    0x0800731e   0x0800731e   0x00000002   PAD
    0x08007320   0x08007320   0x00000070   Code   RO         2394    i.TIM_OC1_SetConfig  stm32f4xx_hal_tim.o
    0x08007390   0x08007390   0x0000007c   Code   RO         2395    i.TIM_OC2_SetConfig  stm32f4xx_hal_tim.o
    0x0800740c   0x0800740c   0x00000078   Code   RO         2396    i.TIM_OC3_SetConfig  stm32f4xx_hal_tim.o
    0x08007484   0x08007484   0x00000054   Code   RO         2397    i.TIM_OC4_SetConfig  stm32f4xx_hal_tim.o
    0x080074d8   0x080074d8   0x00000026   Code   RO         2399    i.TIM_TI1_ConfigInputStage  stm32f4xx_hal_tim.o
    0x080074fe   0x080074fe   0x00000028   Code   RO         2401    i.TIM_TI2_ConfigInputStage  stm32f4xx_hal_tim.o
    0x08007526   0x08007526   0x00000002   PAD
    0x08007528   0x08007528   0x00000010   Code   RO         2102    i.UART4_IRQHandler  stm32f4xx_it.o
    0x08007538   0x08007538   0x00000012   Code   RO         5520    i.UART_DMAAbortOnError  stm32f4xx_hal_uart.o
    0x0800754a   0x0800754a   0x00000050   Code   RO         5521    i.UART_DMAError     stm32f4xx_hal_uart.o
    0x0800759a   0x0800759a   0x000000b4   Code   RO         5522    i.UART_DMAReceiveCplt  stm32f4xx_hal_uart.o
    0x0800764e   0x0800764e   0x00000024   Code   RO         5524    i.UART_DMARxHalfCplt  stm32f4xx_hal_uart.o
    0x08007672   0x08007672   0x0000006c   Code   RO         5530    i.UART_EndRxTransfer  stm32f4xx_hal_uart.o
    0x080076de   0x080076de   0x00000020   Code   RO         5531    i.UART_EndTransmit_IT  stm32f4xx_hal_uart.o
    0x080076fe   0x080076fe   0x00000026   Code   RO         5532    i.UART_EndTxTransfer  stm32f4xx_hal_uart.o
    0x08007724   0x08007724   0x000000fc   Code   RO         5533    i.UART_Receive_IT   stm32f4xx_hal_uart.o
    0x08007820   0x08007820   0x0000022c   Code   RO         5534    i.UART_SetConfig    stm32f4xx_hal_uart.o
    0x08007a4c   0x08007a4c   0x000000d8   Code   RO         5535    i.UART_Start_Receive_DMA  stm32f4xx_hal_uart.o
    0x08007b24   0x08007b24   0x00000060   Code   RO         5537    i.UART_Transmit_IT  stm32f4xx_hal_uart.o
    0x08007b84   0x08007b84   0x0000008c   Code   RO         5538    i.UART_WaitOnFlagUntilTimeout  stm32f4xx_hal_uart.o
    0x08007c10   0x08007c10   0x00000010   Code   RO         2103    i.USART1_IRQHandler  stm32f4xx_it.o
    0x08007c20   0x08007c20   0x00000010   Code   RO         2104    i.USART3_IRQHandler  stm32f4xx_it.o
    0x08007c30   0x08007c30   0x00000004   Code   RO         2105    i.UsageFault_Handler  stm32f4xx_it.o
    0x08007c34   0x08007c34   0x00000020   Code   RO         7993    i.__0printf         mc_w.l(printfa.o)
    0x08007c54   0x08007c54   0x00000028   Code   RO         7995    i.__0sprintf        mc_w.l(printfa.o)
    0x08007c7c   0x08007c7c   0x00000026   Code   RO         8025    i.__ARM_fpclassifyf  m_wm.l(fpclassifyf.o)
    0x08007ca2   0x08007ca2   0x00000002   PAD
    0x08007ca4   0x08007ca4   0x00000010   Code   RO         4353    i.__NVIC_GetPriorityGrouping  stm32f4xx_hal_cortex.o
    0x08007cb4   0x08007cb4   0x00000028   Code   RO         4354    i.__NVIC_SetPriority  stm32f4xx_hal_cortex.o
    0x08007cdc   0x08007cdc   0x00000006   Code   RO         7037    i.__get_IPSR        cmsis_os2.o
    0x08007ce2   0x08007ce2   0x00000002   PAD
    0x08007ce4   0x08007ce4   0x000002ac   Code   RO         7713    i.__hardfp_atan2f   m_wm.l(atan2f.o)
    0x08007f90   0x08007f90   0x0000003a   Code   RO         7731    i.__hardfp_sqrtf    m_wm.l(sqrtf.o)
    0x08007fca   0x08007fca   0x00000006   Code   RO         8029    i.__mathlib_flt_infnan2  m_wm.l(funder.o)
    0x08007fd0   0x08007fd0   0x00000010   Code   RO         8033    i.__mathlib_flt_underflow  m_wm.l(funder.o)
    0x08007fe0   0x08007fe0   0x0000000e   Code   RO         8087    i.__scatterload_copy  mc_w.l(handlers.o)
    0x08007fee   0x08007fee   0x00000002   Code   RO         8088    i.__scatterload_null  mc_w.l(handlers.o)
    0x08007ff0   0x08007ff0   0x0000000e   Code   RO         8089    i.__scatterload_zeroinit  mc_w.l(handlers.o)
    0x08007ffe   0x08007ffe   0x00000002   PAD
    0x08008000   0x08008000   0x0000000c   Code   RO         8065    i.__set_errno       mc_w.l(errno.o)
    0x0800800c   0x0800800c   0x00000184   Code   RO         8000    i._fp_digits        mc_w.l(printfa.o)
    0x08008190   0x08008190   0x000006b4   Code   RO         8001    i._printf_core      mc_w.l(printfa.o)
    0x08008844   0x08008844   0x00000024   Code   RO         8002    i._printf_post_padding  mc_w.l(printfa.o)
    0x08008868   0x08008868   0x0000002e   Code   RO         8003    i._printf_pre_padding  mc_w.l(printfa.o)
    0x08008896   0x08008896   0x0000000a   Code   RO         8005    i._sputc            mc_w.l(printfa.o)
    0x080088a0   0x080088a0   0x00000024   Code   RO          298    i.crc8_calc         uart3_to_htp.o
    0x080088c4   0x080088c4   0x00000034   Code   RO           13    i.encoder_init_start  encoder.o
    0x080088f8   0x080088f8   0x0000008c   Code   RO           14    i.encoder_read_speed  encoder.o
    0x08008984   0x08008984   0x0000008c   Code   RO           15    i.encoder_read_speed_10  encoder.o
    0x08008a10   0x08008a10   0x00000018   Code   RO         1512    i.fputc             main.o
    0x08008a28   0x08008a28   0x00000094   Code   RO         1513    i.main              main.o
    0x08008abc   0x08008abc   0x0000011c   Code   RO          256    i.motor_set_speed   pwm.o
    0x08008bd8   0x08008bd8   0x00000008   Code   RO          257    i.my_abs            pwm.o
    0x08008be0   0x08008be0   0x0000001e   Code   RO         7038    i.osDelay           cmsis_os2.o
    0x08008bfe   0x08008bfe   0x0000001a   Code   RO         7050    i.osKernelGetTickCount  cmsis_os2.o
    0x08008c18   0x08008c18   0x0000002c   Code   RO         7052    i.osKernelInitialize  cmsis_os2.o
    0x08008c44   0x08008c44   0x00000060   Code   RO         7055    i.osKernelStart     cmsis_os2.o
    0x08008ca4   0x08008ca4   0x0000009a   Code   RO         7072    i.osMessageQueueNew  cmsis_os2.o
    0x08008d3e   0x08008d3e   0x00000062   Code   RO         7075    i.osMutexAcquire    cmsis_os2.o
    0x08008da0   0x08008da0   0x000000b2   Code   RO         7078    i.osMutexNew        cmsis_os2.o
    0x08008e52   0x08008e52   0x0000004e   Code   RO         7079    i.osMutexRelease    cmsis_os2.o
    0x08008ea0   0x08008ea0   0x000000b8   Code   RO         7097    i.osThreadNew       cmsis_os2.o
    0x08008f58   0x08008f58   0x0000007c   Code   RO         6472    i.prvAddCurrentTaskToDelayedList  tasks.o
    0x08008fd4   0x08008fd4   0x000000b8   Code   RO         6473    i.prvAddNewTaskToReadyList  tasks.o
    0x0800908c   0x0800908c   0x00000074   Code   RO         6848    i.prvCheckForValidListAndQueue  timers.o
    0x08009100   0x08009100   0x00000048   Code   RO         6474    i.prvCheckTasksWaitingTermination  tasks.o
    0x08009148   0x08009148   0x0000002a   Code   RO         6059    i.prvCopyDataFromQueue  queue.o
    0x08009172   0x08009172   0x0000007e   Code   RO         6060    i.prvCopyDataToQueue  queue.o
    0x080091f0   0x080091f0   0x00000050   Code   RO         6475    i.prvDeleteTCB      tasks.o
    0x08009240   0x08009240   0x00000014   Code   RO         6061    i.prvGetDisinheritPriorityAfterTimeout  queue.o
    0x08009254   0x08009254   0x00000028   Code   RO         6849    i.prvGetNextExpireTime  timers.o
    0x0800927c   0x0800927c   0x0000007c   Code   RO         7569    i.prvHeapInit       heap_4.o
    0x080092f8   0x080092f8   0x00000028   Code   RO         6476    i.prvIdleTask       tasks.o
    0x08009320   0x08009320   0x0000001e   Code   RO         6062    i.prvInitialiseMutex  queue.o
    0x0800933e   0x0800933e   0x0000002a   Code   RO         6063    i.prvInitialiseNewQueue  queue.o
    0x08009368   0x08009368   0x000000be   Code   RO         6477    i.prvInitialiseNewTask  tasks.o
    0x08009426   0x08009426   0x00000002   PAD
    0x08009428   0x08009428   0x00000068   Code   RO         6478    i.prvInitialiseTaskLists  tasks.o
    0x08009490   0x08009490   0x00000068   Code   RO         7570    i.prvInsertBlockIntoFreeList  heap_4.o
    0x080094f8   0x080094f8   0x00000058   Code   RO         6851    i.prvInsertTimerInActiveList  timers.o
    0x08009550   0x08009550   0x0000001a   Code   RO         6064    i.prvIsQueueEmpty   queue.o
    0x0800956a   0x0800956a   0x0000001e   Code   RO         6065    i.prvIsQueueFull    queue.o
    0x08009588   0x08009588   0x00000074   Code   RO         6852    i.prvProcessExpiredTimer  timers.o
    0x080095fc   0x080095fc   0x00000164   Code   RO         6853    i.prvProcessReceivedCommands  timers.o
    0x08009760   0x08009760   0x00000074   Code   RO         6854    i.prvProcessTimerOrBlockTask  timers.o
    0x080097d4   0x080097d4   0x00000034   Code   RO         6480    i.prvResetNextTaskUnblockTime  tasks.o
    0x08009808   0x08009808   0x0000002c   Code   RO         6855    i.prvSampleTimeNow  timers.o
    0x08009834   0x08009834   0x000000a4   Code   RO         6856    i.prvSwitchTimerLists  timers.o
    0x080098d8   0x080098d8   0x00000040   Code   RO         7625    i.prvTaskExitError  port.o
    0x08009918   0x08009918   0x0000001a   Code   RO         6857    i.prvTimerTask      timers.o
    0x08009932   0x08009932   0x0000007e   Code   RO         6066    i.prvUnlockQueue    queue.o
    0x080099b0   0x080099b0   0x0000014c   Code   RO         7571    i.pvPortMalloc      heap_4.o
    0x08009afc   0x08009afc   0x00000020   Code   RO         6483    i.pvTaskIncrementMutexHeldCount  tasks.o
    0x08009b1c   0x08009b1c   0x00000028   Code   RO          258    i.pwm_init_start    pwm.o
    0x08009b44   0x08009b44   0x0000002c   Code   RO         7626    i.pxPortInitialiseStack  port.o
    0x08009b70   0x08009b70   0x000000c0   Code   RO          174    i.speed_pid         pid.o
    0x08009c30   0x08009c30   0x00000080   Code   RO          299    i.uart3_send_to_htp  uart3_to_htp.o
    0x08009cb0   0x08009cb0   0x00000028   Code   RO         6019    i.uxListRemove      list.o
    0x08009cd8   0x08009cd8   0x00000018   Code   RO         7109    i.vApplicationGetIdleTaskMemory  cmsis_os2.o
    0x08009cf0   0x08009cf0   0x00000018   Code   RO         7110    i.vApplicationGetTimerTaskMemory  cmsis_os2.o
    0x08009d08   0x08009d08   0x0000001a   Code   RO         6020    i.vListInitialise   list.o
    0x08009d22   0x08009d22   0x00000006   Code   RO         6021    i.vListInitialiseItem  list.o
    0x08009d28   0x08009d28   0x00000034   Code   RO         6022    i.vListInsert       list.o
    0x08009d5c   0x08009d5c   0x00000018   Code   RO         6023    i.vListInsertEnd    list.o
    0x08009d74   0x08009d74   0x00000054   Code   RO         7628    i.vPortEnterCritical  port.o
    0x08009dc8   0x08009dc8   0x0000003c   Code   RO         7629    i.vPortExitCritical  port.o
    0x08009e04   0x08009e04   0x000000a4   Code   RO         7572    i.vPortFree         heap_4.o
    0x08009ea8   0x08009ea8   0x00000028   Code   RO         7630    i.vPortSetupTimerInterrupt  port.o
    0x08009ed0   0x08009ed0   0x00000078   Code   RO         7631    i.vPortValidateInterruptPriority  port.o
    0x08009f48   0x08009f48   0x0000002c   Code   RO         6072    i.vQueueAddToRegistry  queue.o
    0x08009f74   0x08009f74   0x0000004a   Code   RO         6076    i.vQueueWaitForMessageRestricted  queue.o
    0x08009fbe   0x08009fbe   0x00000002   PAD
    0x08009fc0   0x08009fc0   0x0000005c   Code   RO         6493    i.vTaskDelay        tasks.o
    0x0800a01c   0x0800a01c   0x000000d4   Code   RO         6494    i.vTaskDelayUntil   tasks.o
    0x0800a0f0   0x0800a0f0   0x00000018   Code   RO         6498    i.vTaskInternalSetTimeOutState  tasks.o
    0x0800a108   0x0800a108   0x0000000c   Code   RO         6499    i.vTaskMissedYield  tasks.o
    0x0800a114   0x0800a114   0x00000038   Code   RO         6501    i.vTaskPlaceOnEventList  tasks.o
    0x0800a14c   0x0800a14c   0x00000040   Code   RO         6502    i.vTaskPlaceOnEventListRestricted  tasks.o
    0x0800a18c   0x0800a18c   0x000000d0   Code   RO         6504    i.vTaskPriorityDisinheritAfterTimeout  tasks.o
    0x0800a25c   0x0800a25c   0x000000b8   Code   RO         6510    i.vTaskStartScheduler  tasks.o
    0x0800a314   0x0800a314   0x00000010   Code   RO         6512    i.vTaskSuspendAll   tasks.o
    0x0800a324   0x0800a324   0x00000090   Code   RO         6513    i.vTaskSwitchContext  tasks.o
    0x0800a3b4   0x0800a3b4   0x00000168   Code   RO         7632    i.xPortStartScheduler  port.o
    0x0800a51c   0x0800a51c   0x00000034   Code   RO         7633    i.xPortSysTickHandler  port.o
    0x0800a550   0x0800a550   0x00000022   Code   RO         6079    i.xQueueCreateMutex  queue.o
    0x0800a572   0x0800a572   0x0000002a   Code   RO         6080    i.xQueueCreateMutexStatic  queue.o
    0x0800a59c   0x0800a59c   0x0000005a   Code   RO         6081    i.xQueueGenericCreate  queue.o
    0x0800a5f6   0x0800a5f6   0x000000e0   Code   RO         6082    i.xQueueGenericCreateStatic  queue.o
    0x0800a6d6   0x0800a6d6   0x00000002   PAD
    0x0800a6d8   0x0800a6d8   0x00000098   Code   RO         6083    i.xQueueGenericReset  queue.o
    0x0800a770   0x0800a770   0x000001a8   Code   RO         6084    i.xQueueGenericSend  queue.o
    0x0800a918   0x0800a918   0x000000fc   Code   RO         6085    i.xQueueGenericSendFromISR  queue.o
    0x0800aa14   0x0800aa14   0x00000048   Code   RO         6089    i.xQueueGiveMutexRecursive  queue.o
    0x0800aa5c   0x0800aa5c   0x00000168   Code   RO         6094    i.xQueueReceive     queue.o
    0x0800abc4   0x0800abc4   0x000001b8   Code   RO         6096    i.xQueueSemaphoreTake  queue.o
    0x0800ad7c   0x0800ad7c   0x0000004e   Code   RO         6097    i.xQueueTakeMutexRecursive  queue.o
    0x0800adca   0x0800adca   0x00000002   PAD
    0x0800adcc   0x0800adcc   0x0000008c   Code   RO         6515    i.xTaskCheckForTimeOut  tasks.o
    0x0800ae58   0x0800ae58   0x00000064   Code   RO         6516    i.xTaskCreate       tasks.o
    0x0800aebc   0x0800aebc   0x000000ba   Code   RO         6517    i.xTaskCreateStatic  tasks.o
    0x0800af76   0x0800af76   0x00000002   PAD
    0x0800af78   0x0800af78   0x0000000c   Code   RO         6520    i.xTaskGetCurrentTaskHandle  tasks.o
    0x0800af84   0x0800af84   0x00000020   Code   RO         6521    i.xTaskGetSchedulerState  tasks.o
    0x0800afa4   0x0800afa4   0x0000000c   Code   RO         6522    i.xTaskGetTickCount  tasks.o
    0x0800afb0   0x0800afb0   0x00000014   Code   RO         6523    i.xTaskGetTickCountFromISR  tasks.o
    0x0800afc4   0x0800afc4   0x00000144   Code   RO         6524    i.xTaskIncrementTick  tasks.o
    0x0800b108   0x0800b108   0x000000a4   Code   RO         6527    i.xTaskPriorityDisinherit  tasks.o
    0x0800b1ac   0x0800b1ac   0x000000a4   Code   RO         6528    i.xTaskPriorityInherit  tasks.o
    0x0800b250   0x0800b250   0x00000098   Code   RO         6529    i.xTaskRemoveFromEventList  tasks.o
    0x0800b2e8   0x0800b2e8   0x00000104   Code   RO         6530    i.xTaskResumeAll    tasks.o
    0x0800b3ec   0x0800b3ec   0x00000078   Code   RO         6866    i.xTimerCreateTimerTask  timers.o
    0x0800b464   0x0800b464   0x00000084   Code   RO         6867    i.xTimerGenericCommand  timers.o
    0x0800b4e8   0x0800b4e8   0x00000100   Data   RO          300    .constdata          uart3_to_htp.o
    0x0800b5e8   0x0800b5e8   0x000017c0   Data   RO         1064    .constdata          oled.o
    0x0800cda8   0x0800cda8   0x00000009   Data   RO         1204    .constdata          ax_ps2.o
    0x0800cdb1   0x0800cdb1   0x00000003   PAD
    0x0800cdb4   0x0800cdb4   0x00000188   Data   RO         1649    .constdata          freertos.o
    0x0800cf3c   0x0800cf3c   0x00000008   Data   RO         4067    .constdata          stm32f4xx_hal_dma.o
    0x0800cf44   0x0800cf44   0x00000018   Data   RO         5852    .constdata          system_stm32f4xx.o
    0x0800cf5c   0x0800cf5c   0x000000a0   Data   RO         1650    .conststring        freertos.o
    0x0800cffc   0x0800cffc   0x00000020   Data   RO         8085    Region$$Table       anon$$obj.o


    Execution Region RW_IRAM1 (Exec base: 0x20000000, Load base: 0x0800d01c, Size: 0x00009ca8, Max: 0x0001c000, ABSOLUTE, COMPRESSED[0x00000010])

    Exec Addr    Load Addr    Size         Type   Attr      Idx    E Section Name        Object

    0x20000000   COMPRESSED   0x00000010   Data   RW           16    .data               encoder.o
    0x20000010   COMPRESSED   0x00000030   Data   RW          176    .data               pid.o
    0x20000040   COMPRESSED   0x00000010   Data   RW         1288    .data               mpu6050.o
    0x20000050   COMPRESSED   0x00000008   Data   RW         1515    .data               main.o
    0x20000058   COMPRESSED   0x00000048   Data   RW         1651    .data               freertos.o
    0x200000a0   COMPRESSED   0x00000004   Data   RW         2029    .data               usart.o
    0x200000a4   COMPRESSED   0x00000009   Data   RW         4517    .data               stm32f4xx_hal.o
    0x200000ad   COMPRESSED   0x00000003   PAD
    0x200000b0   COMPRESSED   0x00000004   Data   RW         5853    .data               system_stm32f4xx.o
    0x200000b4   COMPRESSED   0x0000003c   Data   RW         6533    .data               tasks.o
    0x200000f0   COMPRESSED   0x00000014   Data   RW         6875    .data               timers.o
    0x20000104   COMPRESSED   0x00000004   Data   RW         7112    .data               cmsis_os2.o
    0x20000108   COMPRESSED   0x00000020   Data   RW         7578    .data               heap_4.o
    0x20000128   COMPRESSED   0x0000000c   Data   RW         7634    .data               port.o
    0x20000134   COMPRESSED   0x00000004   Data   RW         8066    .data               mc_w.l(errno.o)
    0x20000138        -       0x00000080   Zero   RW          175    .bss                pid.o
    0x200001b8        -       0x0000001c   Zero   RW          889    .bss                sensor.o
    0x200001d4        -       0x00000400   Zero   RW         1063    .bss                oled.o
    0x200005d4        -       0x00000009   Zero   RW         1203    .bss                ax_ps2.o
    0x200005dd        -       0x0000000e   Zero   RW         1287    .bss                mpu6050.o
    0x200005eb        -       0x00000080   Zero   RW         1514    .bss                main.o
    0x2000066b   COMPRESSED   0x00000001   PAD
    0x2000066c        -       0x000000a8   Zero   RW         1752    .bss                adc.o
    0x20000714        -       0x00000028   Zero   RW         1794    .bss                can.o
    0x2000073c        -       0x00000168   Zero   RW         1868    .bss                i2c.o
    0x200008a4        -       0x000001b0   Zero   RW         1943    .bss                tim.o
    0x20000a54        -       0x00000138   Zero   RW         2028    .bss                usart.o
    0x20000b8c        -       0x00000048   Zero   RW         2250    .bss                stm32f4xx_hal_timebase_tim.o
    0x20000bd4        -       0x00000040   Zero   RW         6098    .bss                queue.o
    0x20000c14        -       0x000004c4   Zero   RW         6532    .bss                tasks.o
    0x200010d8        -       0x00000118   Zero   RW         6874    .bss                timers.o
    0x200011f0        -       0x000006b8   Zero   RW         7111    .bss                cmsis_os2.o
    0x200018a8        -       0x00008000   Zero   RW         7577    .bss                heap_4.o
    0x200098a8        -       0x00000400   Zero   RW            1    STACK               startup_stm32f407xx.o


    Execution Region RW_IRAM2 (Exec base: 0x2001c000, Load base: 0x0800d02c, Size: 0x00000000, Max: 0x00004000, ABSOLUTE)

    **** No section assigned to this execution region ****


==============================================================================

Image component sizes


      Code (inc. data)   RO Data    RW Data    ZI Data      Debug   Object Name

       324         32          0          0        168       1931   adc.o
       444         32          9          0          9       3727   ax_ps2.o
       224         22          0          0         40       1817   can.o
       964         38          0          4       1720      69941   cmsis_os2.o
        32          0          0          0          0        851   delay.o
       136          6          0          0          0        890   dma.o
       332         60          0         16          0     732290   encoder.o
         0          0          0          0          0      19620   event_groups.o
      1962        436        552         72          0      10834   freertos.o
       488         26          0          0          0       1255   gpio.o
       724         74          0         32      32768       5051   heap_4.o
       544         52          0          0        360       2820   i2c.o
       148          0          0          0          0       3746   list.o
       470         50          0          8        128       5403   main.o
      1188        248          0         16         14     702770   mpu6050.o
       858         44       6080          0       1024       7483   oled.o
       576         92          0         48        128      16212   pid.o
      1014         92          0         12          0      12045   port.o
       332         18          0          0          0       1739   pwm.o
      2728         26          0          0         64      25248   queue.o
         0          0          0          0         28       2614   sensor.o
        36          8        392          0       1024        860   startup_stm32f407xx.o
        96         20          0          9          0       8242   stm32f4xx_hal.o
      1212         28          0          0          0       5730   stm32f4xx_hal_adc.o
         2          0          0          0          0       1065   stm32f4xx_hal_adc_ex.o
       372          0          0          0          0       1455   stm32f4xx_hal_can.o
       260         22          0          0          0      33742   stm32f4xx_hal_cortex.o
      1450         16          8          0          0       8544   stm32f4xx_hal_dma.o
       556         50          0          0          0       3562   stm32f4xx_hal_gpio.o
      8000        102          0          0          0      38670   stm32f4xx_hal_i2c.o
        84          6          0          0          0        918   stm32f4xx_hal_msp.o
      1888         94          0          0          0       6509   stm32f4xx_hal_rcc.o
      2762        142          0          0          0      19319   stm32f4xx_hal_tim.o
       300         30          0          0          0       3497   stm32f4xx_hal_tim_ex.o
       180         20          0          0         72       1564   stm32f4xx_hal_timebase_tim.o
      2956         28          0          0          0      16905   stm32f4xx_hal_uart.o
       238         68          0          0          0       9883   stm32f4xx_it.o
         0          0          0          0          0        400   stream_buffer.o
        20          6         24          4          0       1219   system_stm32f4xx.o
      3456        402          0         60       1220      33544   tasks.o
      1696        124          0          0        432       7355   tim.o
      1318        124          0         20        280      33435   timers.o
       164         10        256          0          0       2136   uart3_to_htp.o
       652         66          0          4        312       4636   usart.o

    ----------------------------------------------------------------------
     41240       2714       7356        308      39792    1871477   Object Totals
         0          0         32          0          0          0   (incl. Generated)
        54          0          3          3          1          0   (incl. Padding)

    ----------------------------------------------------------------------

      Code (inc. data)   RO Data    RW Data    ZI Data      Debug   Library Member Name

       684         90          0          0          0        208   atan2f.o
        38          0          0          0          0        116   fpclassifyf.o
        22          6          0          0          0        232   funder.o
        58          0          0          0          0        136   sqrtf.o
        86          0          0          0          0          0   __dczerorl2.o
         0          0          0          0          0          0   entry.o
         0          0          0          0          0          0   entry10a.o
         0          0          0          0          0          0   entry11a.o
         4          0          0          0          0          0   entry12b.o
         8          4          0          0          0          0   entry2.o
         4          0          0          0          0          0   entry5.o
         0          0          0          0          0          0   entry7b.o
         0          0          0          0          0          0   entry8b.o
         8          4          0          0          0          0   entry9a.o
        12          6          0          4          0         68   errno.o
        30          0          0          0          0          0   handlers.o
        36          8          0          0          0         68   init.o
         0          0          0          0          0          0   iusefp.o
        30          0          0          0          0         68   llshl.o
        36          0          0          0          0         68   llsshr.o
        32          0          0          0          0         68   llushr.o
        36          0          0          0          0         68   memcpya.o
        36          0          0          0          0        108   memseta.o
      2268         96          0          0          0        616   printfa.o
        44          0          0          0          0         80   uidiv.o
        98          0          0          0          0         92   uldiv.o
        48          0          0          0          0         68   cdrcmple.o
       334          0          0          0          0        148   dadd.o
       222          0          0          0          0        100   ddiv.o
       186          0          0          0          0        176   depilogue.o
        48          0          0          0          0         68   dfixul.o
       228          0          0          0          0         96   dmul.o
        38          0          0          0          0         68   f2d.o

    ----------------------------------------------------------------------
      4680        214          0          4          0       2720   Library Totals
         6          0          0          0          0          0   (incl. Padding)

    ----------------------------------------------------------------------

      Code (inc. data)   RO Data    RW Data    ZI Data      Debug   Library Name

       802         96          0          0          0        692   m_wm.l
      2768        118          0          4          0       1304   mc_w.l
      1104          0          0          0          0        724   mf_w.l

    ----------------------------------------------------------------------
      4680        214          0          4          0       2720   Library Totals

    ----------------------------------------------------------------------

==============================================================================


      Code (inc. data)   RO Data    RW Data    ZI Data      Debug   

     45920       2928       7356        312      39792    1841993   Grand Totals
     45920       2928       7356         16      39792    1841993   ELF Image Totals (compressed)
     45920       2928       7356         16          0          0   ROM Totals

==============================================================================

    Total RO  Size (Code + RO Data)                53276 (  52.03kB)
    Total RW  Size (RW Data + ZI Data)             40104 (  39.16kB)
    Total ROM Size (Code + RO Data + RW Data)      53292 (  52.04kB)

==============================================================================

